=== RUN   TestDoesTheKeyExist
=== RUN   TestDoesTheKeyExist/Int_Key
=== RUN   TestDoesTheKeyExist/Int32_Key
=== RUN   TestDoesTheKeyExist/Int64_Key
=== RUN   TestDoesTheKeyExist/String_Key
=== RUN   TestDoesTheKeyExist/Boolean_Key
=== RUN   TestDoesTheKeyExist/Float64_Key
=== RUN   TestDoesTheKeyExist/Date_Key_(time.Time)
=== RUN   TestDoesTheKeyExist/Key_Not_Found
--- PASS: TestDoesTheKeyExist (0.00s)
    --- PASS: TestDoesTheKeyExist/Int_Key (0.00s)
    --- PASS: TestDoesTheKeyExist/Int32_Key (0.00s)
    --- PASS: TestDoesTheKeyExist/Int64_Key (0.00s)
    --- PASS: TestDoesTheKeyExist/String_Key (0.00s)
    --- PASS: TestDoesTheKeyExist/Boolean_Key (0.00s)
    --- PASS: TestDoesTheKeyExist/Float64_Key (0.00s)
    --- PASS: TestDoesTheKeyExist/Date_Key_(time.Time) (0.00s)
    --- PASS: TestDoesTheKeyExist/Key_Not_Found (0.00s)
=== RUN   TestSerializeDeserializeBPlusTree
--- PASS: TestSerializeDeserializeBPlusTree (0.00s)
=== RUN   TestSerializeDeserialize_AllTypes
=== RUN   TestSerializeDeserialize_AllTypes/Int
=== RUN   TestSerializeDeserialize_AllTypes/Varchar
=== RUN   TestSerializeDeserialize_AllTypes/Bool
=== RUN   TestSerializeDeserialize_AllTypes/Float
=== RUN   TestSerializeDeserialize_AllTypes/Date
--- PASS: TestSerializeDeserialize_AllTypes (0.00s)
    --- PASS: TestSerializeDeserialize_AllTypes/Int (0.00s)
    --- PASS: TestSerializeDeserialize_AllTypes/Varchar (0.00s)
    --- PASS: TestSerializeDeserialize_AllTypes/Bool (0.00s)
    --- PASS: TestSerializeDeserialize_AllTypes/Float (0.00s)
    --- PASS: TestSerializeDeserialize_AllTypes/Date (0.00s)
=== RUN   TestCheckpointManager_CreateAndLoad
--- PASS: TestCheckpointManager_CreateAndLoad (0.00s)
=== RUN   TestCheckpointManager_CleanupOldDetailed
--- PASS: TestCheckpointManager_CleanupOldDetailed (0.01s)
=== RUN   TestConcurrency_CheckpointUnderLoad
Heap.Write: Offset=14, CreateLSN=1, PrevOffset=-1, DocLen=7
Heap.Write: Offset=50, CreateLSN=5, PrevOffset=-1, DocLen=5
Heap.Write: Offset=84, CreateLSN=6, PrevOffset=-1, DocLen=7
Heap.Write: Offset=120, CreateLSN=7, PrevOffset=-1, DocLen=7
Heap.Write: Offset=156, CreateLSN=8, PrevOffset=-1, DocLen=7
Heap.Write: Offset=192, CreateLSN=9, PrevOffset=-1, DocLen=7
Heap.Write: Offset=228, CreateLSN=10, PrevOffset=-1, DocLen=7
Heap.Write: Offset=264, CreateLSN=3, PrevOffset=-1, DocLen=7
Heap.Write: Offset=300, CreateLSN=2, PrevOffset=-1, DocLen=7
Heap.Write: Offset=336, CreateLSN=4, PrevOffset=-1, DocLen=7
Heap.Write: Offset=372, CreateLSN=11, PrevOffset=-1, DocLen=7
Heap.Write: Offset=408, CreateLSN=12, PrevOffset=-1, DocLen=7
Heap.Write: Offset=444, CreateLSN=13, PrevOffset=-1, DocLen=5
Heap.Write: Offset=478, CreateLSN=14, PrevOffset=-1, DocLen=7
Heap.Write: Offset=514, CreateLSN=15, PrevOffset=-1, DocLen=7
Heap.Write: Offset=550, CreateLSN=16, PrevOffset=-1, DocLen=7
Heap.Write: Offset=586, CreateLSN=17, PrevOffset=-1, DocLen=7
Heap.Write: Offset=622, CreateLSN=18, PrevOffset=-1, DocLen=7
Heap.Write: Offset=658, CreateLSN=19, PrevOffset=-1, DocLen=7
Heap.Write: Offset=694, CreateLSN=20, PrevOffset=-1, DocLen=7
Heap.Write: Offset=730, CreateLSN=21, PrevOffset=-1, DocLen=7
Heap.Write: Offset=766, CreateLSN=23, PrevOffset=-1, DocLen=7
Heap.Write: Offset=802, CreateLSN=22, PrevOffset=-1, DocLen=5
Heap.Write: Offset=836, CreateLSN=24, PrevOffset=-1, DocLen=7
Heap.Write: Offset=872, CreateLSN=25, PrevOffset=-1, DocLen=7
Heap.Write: Offset=908, CreateLSN=26, PrevOffset=-1, DocLen=7
Heap.Write: Offset=944, CreateLSN=27, PrevOffset=-1, DocLen=7
Heap.Write: Offset=980, CreateLSN=28, PrevOffset=-1, DocLen=7
Heap.Write: Offset=1016, CreateLSN=29, PrevOffset=-1, DocLen=7
Heap.Write: Offset=1052, CreateLSN=30, PrevOffset=-1, DocLen=7
Heap.Write: Offset=1088, CreateLSN=31, PrevOffset=-1, DocLen=7
Heap.Write: Offset=1124, CreateLSN=32, PrevOffset=-1, DocLen=7
Heap.Write: Offset=1160, CreateLSN=33, PrevOffset=-1, DocLen=7
Heap.Write: Offset=1196, CreateLSN=34, PrevOffset=-1, DocLen=7
Heap.Write: Offset=1232, CreateLSN=36, PrevOffset=-1, DocLen=7
Heap.Write: Offset=1268, CreateLSN=35, PrevOffset=-1, DocLen=5
Heap.Write: Offset=1302, CreateLSN=38, PrevOffset=-1, DocLen=7
Heap.Write: Offset=1338, CreateLSN=37, PrevOffset=-1, DocLen=7
Heap.Write: Offset=1374, CreateLSN=39, PrevOffset=-1, DocLen=7
Heap.Write: Offset=1410, CreateLSN=40, PrevOffset=-1, DocLen=7
Heap.Write: Offset=1446, CreateLSN=41, PrevOffset=-1, DocLen=7
Heap.Write: Offset=1482, CreateLSN=44, PrevOffset=-1, DocLen=7
Heap.Write: Offset=1518, CreateLSN=45, PrevOffset=-1, DocLen=7
Heap.Write: Offset=1554, CreateLSN=43, PrevOffset=-1, DocLen=7
Heap.Write: Offset=1590, CreateLSN=42, PrevOffset=-1, DocLen=7
Heap.Write: Offset=1626, CreateLSN=46, PrevOffset=-1, DocLen=5
Heap.Write: Offset=1660, CreateLSN=47, PrevOffset=-1, DocLen=7
Heap.Write: Offset=1696, CreateLSN=48, PrevOffset=-1, DocLen=7
Heap.Write: Offset=1732, CreateLSN=49, PrevOffset=-1, DocLen=7
Heap.Write: Offset=1768, CreateLSN=50, PrevOffset=-1, DocLen=7
Heap.Write: Offset=1804, CreateLSN=51, PrevOffset=-1, DocLen=7
Heap.Write: Offset=1840, CreateLSN=52, PrevOffset=-1, DocLen=7
Heap.Write: Offset=1876, CreateLSN=53, PrevOffset=-1, DocLen=7
Heap.Write: Offset=1912, CreateLSN=58, PrevOffset=-1, DocLen=7
Heap.Write: Offset=1948, CreateLSN=59, PrevOffset=-1, DocLen=7
Heap.Write: Offset=1984, CreateLSN=60, PrevOffset=-1, DocLen=7
Heap.Write: Offset=2020, CreateLSN=54, PrevOffset=-1, DocLen=7
Heap.Write: Offset=2056, CreateLSN=55, PrevOffset=-1, DocLen=7
Heap.Write: Offset=2092, CreateLSN=56, PrevOffset=-1, DocLen=5
Heap.Write: Offset=2126, CreateLSN=57, PrevOffset=-1, DocLen=7
Heap.Write: Offset=2162, CreateLSN=61, PrevOffset=-1, DocLen=7
Heap.Write: Offset=2198, CreateLSN=62, PrevOffset=-1, DocLen=7
Heap.Write: Offset=2234, CreateLSN=64, PrevOffset=-1, DocLen=7
Heap.Write: Offset=2270, CreateLSN=63, PrevOffset=-1, DocLen=7
Heap.Write: Offset=2306, CreateLSN=65, PrevOffset=-1, DocLen=7
Heap.Write: Offset=2342, CreateLSN=66, PrevOffset=-1, DocLen=7
Heap.Write: Offset=2378, CreateLSN=67, PrevOffset=-1, DocLen=7
Heap.Write: Offset=2414, CreateLSN=68, PrevOffset=-1, DocLen=7
Heap.Write: Offset=2450, CreateLSN=69, PrevOffset=-1, DocLen=5
Heap.Write: Offset=2484, CreateLSN=70, PrevOffset=-1, DocLen=7
Heap.Write: Offset=2520, CreateLSN=71, PrevOffset=-1, DocLen=7
Heap.Write: Offset=2556, CreateLSN=76, PrevOffset=-1, DocLen=7
Heap.Write: Offset=2592, CreateLSN=72, PrevOffset=-1, DocLen=7
Heap.Write: Offset=2628, CreateLSN=73, PrevOffset=-1, DocLen=7
Heap.Write: Offset=2664, CreateLSN=74, PrevOffset=-1, DocLen=7
Heap.Write: Offset=2700, CreateLSN=75, PrevOffset=-1, DocLen=7
Heap.Write: Offset=2736, CreateLSN=77, PrevOffset=-1, DocLen=7
Heap.Write: Offset=2772, CreateLSN=78, PrevOffset=-1, DocLen=7
Heap.Write: Offset=2808, CreateLSN=79, PrevOffset=-1, DocLen=5
Heap.Write: Offset=2842, CreateLSN=80, PrevOffset=-1, DocLen=7
Heap.Write: Offset=2878, CreateLSN=81, PrevOffset=-1, DocLen=7
Heap.Write: Offset=2914, CreateLSN=82, PrevOffset=-1, DocLen=7
Heap.Write: Offset=2950, CreateLSN=83, PrevOffset=-1, DocLen=7
Heap.Write: Offset=2986, CreateLSN=84, PrevOffset=-1, DocLen=7
Heap.Write: Offset=3022, CreateLSN=85, PrevOffset=-1, DocLen=7
Heap.Write: Offset=3058, CreateLSN=86, PrevOffset=-1, DocLen=7
Heap.Write: Offset=3094, CreateLSN=87, PrevOffset=-1, DocLen=7
Heap.Write: Offset=3130, CreateLSN=88, PrevOffset=-1, DocLen=7
Heap.Write: Offset=3166, CreateLSN=89, PrevOffset=-1, DocLen=5
Heap.Write: Offset=3200, CreateLSN=90, PrevOffset=-1, DocLen=7
Heap.Write: Offset=3236, CreateLSN=91, PrevOffset=-1, DocLen=7
Heap.Write: Offset=3272, CreateLSN=92, PrevOffset=-1, DocLen=7
Heap.Write: Offset=3308, CreateLSN=98, PrevOffset=-1, DocLen=7
Heap.Write: Offset=3344, CreateLSN=93, PrevOffset=-1, DocLen=7
Heap.Write: Offset=3380, CreateLSN=94, PrevOffset=-1, DocLen=7
Heap.Write: Offset=3416, CreateLSN=95, PrevOffset=-1, DocLen=7
Heap.Write: Offset=3452, CreateLSN=96, PrevOffset=-1, DocLen=7
Heap.Write: Offset=3488, CreateLSN=97, PrevOffset=-1, DocLen=7
Heap.Write: Offset=3524, CreateLSN=99, PrevOffset=-1, DocLen=5
Heap.Write: Offset=3558, CreateLSN=100, PrevOffset=-1, DocLen=7
Heap.Write: Offset=3594, CreateLSN=101, PrevOffset=-1, DocLen=7
Heap.Write: Offset=3630, CreateLSN=102, PrevOffset=-1, DocLen=7
Heap.Write: Offset=3666, CreateLSN=103, PrevOffset=-1, DocLen=7
Heap.Write: Offset=3702, CreateLSN=104, PrevOffset=-1, DocLen=7
Heap.Write: Offset=3738, CreateLSN=105, PrevOffset=-1, DocLen=7
Heap.Write: Offset=3774, CreateLSN=106, PrevOffset=-1, DocLen=7
Heap.Write: Offset=3810, CreateLSN=107, PrevOffset=-1, DocLen=7
Heap.Write: Offset=3846, CreateLSN=108, PrevOffset=-1, DocLen=7
Heap.Write: Offset=3882, CreateLSN=109, PrevOffset=-1, DocLen=6
Heap.Write: Offset=3917, CreateLSN=110, PrevOffset=-1, DocLen=7
Heap.Write: Offset=3953, CreateLSN=111, PrevOffset=-1, DocLen=7
Heap.Write: Offset=3989, CreateLSN=115, PrevOffset=-1, DocLen=7
Heap.Write: Offset=4025, CreateLSN=116, PrevOffset=-1, DocLen=7
Heap.Write: Offset=4061, CreateLSN=112, PrevOffset=-1, DocLen=7
Heap.Write: Offset=4097, CreateLSN=113, PrevOffset=-1, DocLen=7
Heap.Write: Offset=4133, CreateLSN=114, PrevOffset=-1, DocLen=7
Heap.Write: Offset=4169, CreateLSN=117, PrevOffset=-1, DocLen=7
Heap.Write: Offset=4205, CreateLSN=118, PrevOffset=-1, DocLen=7
Heap.Write: Offset=4241, CreateLSN=119, PrevOffset=-1, DocLen=6
Heap.Write: Offset=4276, CreateLSN=120, PrevOffset=-1, DocLen=7
Heap.Write: Offset=4312, CreateLSN=121, PrevOffset=-1, DocLen=7
Heap.Write: Offset=4348, CreateLSN=122, PrevOffset=-1, DocLen=7
Heap.Write: Offset=4384, CreateLSN=123, PrevOffset=-1, DocLen=7
Heap.Write: Offset=4420, CreateLSN=124, PrevOffset=-1, DocLen=7
Heap.Write: Offset=4456, CreateLSN=125, PrevOffset=-1, DocLen=7
Heap.Write: Offset=4492, CreateLSN=129, PrevOffset=-1, DocLen=6
Heap.Write: Offset=4527, CreateLSN=126, PrevOffset=-1, DocLen=7
Heap.Write: Offset=4563, CreateLSN=127, PrevOffset=-1, DocLen=7
Heap.Write: Offset=4599, CreateLSN=128, PrevOffset=-1, DocLen=7
Heap.Write: Offset=4635, CreateLSN=130, PrevOffset=-1, DocLen=7
Heap.Write: Offset=4671, CreateLSN=131, PrevOffset=-1, DocLen=7
Heap.Write: Offset=4707, CreateLSN=132, PrevOffset=-1, DocLen=7
Heap.Write: Offset=4743, CreateLSN=133, PrevOffset=-1, DocLen=7
Heap.Write: Offset=4779, CreateLSN=134, PrevOffset=-1, DocLen=7
Heap.Write: Offset=4815, CreateLSN=135, PrevOffset=-1, DocLen=7
Heap.Write: Offset=4851, CreateLSN=136, PrevOffset=-1, DocLen=6
Heap.Write: Offset=4886, CreateLSN=137, PrevOffset=-1, DocLen=7
Heap.Write: Offset=4922, CreateLSN=138, PrevOffset=-1, DocLen=7
Heap.Write: Offset=4958, CreateLSN=139, PrevOffset=-1, DocLen=7
Heap.Write: Offset=4994, CreateLSN=140, PrevOffset=-1, DocLen=7
Heap.Write: Offset=5030, CreateLSN=141, PrevOffset=-1, DocLen=7
Heap.Write: Offset=5066, CreateLSN=146, PrevOffset=-1, DocLen=6
Heap.Write: Offset=5101, CreateLSN=147, PrevOffset=-1, DocLen=7
Heap.Write: Offset=5137, CreateLSN=142, PrevOffset=-1, DocLen=7
Heap.Write: Offset=5173, CreateLSN=143, PrevOffset=-1, DocLen=7
Heap.Write: Offset=5209, CreateLSN=144, PrevOffset=-1, DocLen=7
Heap.Write: Offset=5245, CreateLSN=145, PrevOffset=-1, DocLen=7
Heap.Write: Offset=5281, CreateLSN=148, PrevOffset=-1, DocLen=7
Heap.Write: Offset=5317, CreateLSN=149, PrevOffset=-1, DocLen=7
Heap.Write: Offset=5353, CreateLSN=150, PrevOffset=-1, DocLen=7
Heap.Write: Offset=5389, CreateLSN=151, PrevOffset=-1, DocLen=7
Heap.Write: Offset=5425, CreateLSN=152, PrevOffset=-1, DocLen=6
Heap.Write: Offset=5460, CreateLSN=153, PrevOffset=-1, DocLen=7
Heap.Write: Offset=5496, CreateLSN=154, PrevOffset=-1, DocLen=7
Heap.Write: Offset=5532, CreateLSN=159, PrevOffset=-1, DocLen=7
Heap.Write: Offset=5568, CreateLSN=155, PrevOffset=-1, DocLen=7
Heap.Write: Offset=5604, CreateLSN=156, PrevOffset=-1, DocLen=7
Heap.Write: Offset=5640, CreateLSN=157, PrevOffset=-1, DocLen=7
Heap.Write: Offset=5676, CreateLSN=158, PrevOffset=-1, DocLen=7
Heap.Write: Offset=5712, CreateLSN=160, PrevOffset=-1, DocLen=7
Heap.Write: Offset=5748, CreateLSN=161, PrevOffset=-1, DocLen=7
Heap.Write: Offset=5784, CreateLSN=162, PrevOffset=-1, DocLen=7
Heap.Write: Offset=5820, CreateLSN=163, PrevOffset=-1, DocLen=7
Heap.Write: Offset=5856, CreateLSN=168, PrevOffset=-1, DocLen=7
Heap.Write: Offset=5892, CreateLSN=164, PrevOffset=-1, DocLen=6
Heap.Write: Offset=5927, CreateLSN=165, PrevOffset=-1, DocLen=7
Heap.Write: Offset=5963, CreateLSN=166, PrevOffset=-1, DocLen=7
Heap.Write: Offset=5999, CreateLSN=167, PrevOffset=-1, DocLen=7
Heap.Write: Offset=6035, CreateLSN=169, PrevOffset=-1, DocLen=7
Heap.Write: Offset=6071, CreateLSN=170, PrevOffset=-1, DocLen=7
Heap.Write: Offset=6107, CreateLSN=171, PrevOffset=-1, DocLen=6
Heap.Write: Offset=6142, CreateLSN=172, PrevOffset=-1, DocLen=7
Heap.Write: Offset=6178, CreateLSN=173, PrevOffset=-1, DocLen=7
Heap.Write: Offset=6214, CreateLSN=174, PrevOffset=-1, DocLen=7
Heap.Write: Offset=6250, CreateLSN=175, PrevOffset=-1, DocLen=7
Heap.Write: Offset=6286, CreateLSN=176, PrevOffset=-1, DocLen=7
Heap.Write: Offset=6322, CreateLSN=177, PrevOffset=-1, DocLen=7
Heap.Write: Offset=6358, CreateLSN=178, PrevOffset=-1, DocLen=7
Heap.Write: Offset=6394, CreateLSN=179, PrevOffset=-1, DocLen=7
Heap.Write: Offset=6430, CreateLSN=180, PrevOffset=-1, DocLen=7
Heap.Write: Offset=6466, CreateLSN=181, PrevOffset=-1, DocLen=6
Heap.Write: Offset=6501, CreateLSN=182, PrevOffset=-1, DocLen=7
Heap.Write: Offset=6537, CreateLSN=183, PrevOffset=-1, DocLen=7
Heap.Write: Offset=6573, CreateLSN=189, PrevOffset=-1, DocLen=7
Heap.Write: Offset=6609, CreateLSN=190, PrevOffset=-1, DocLen=7
Heap.Write: Offset=6645, CreateLSN=184, PrevOffset=-1, DocLen=7
Heap.Write: Offset=6681, CreateLSN=185, PrevOffset=-1, DocLen=7
Heap.Write: Offset=6717, CreateLSN=186, PrevOffset=-1, DocLen=7
Heap.Write: Offset=6753, CreateLSN=187, PrevOffset=-1, DocLen=7
Heap.Write: Offset=6789, CreateLSN=188, PrevOffset=-1, DocLen=7
Heap.Write: Offset=6825, CreateLSN=191, PrevOffset=-1, DocLen=6
Heap.Write: Offset=6860, CreateLSN=192, PrevOffset=-1, DocLen=7
Heap.Write: Offset=6896, CreateLSN=193, PrevOffset=-1, DocLen=7
Heap.Write: Offset=6932, CreateLSN=194, PrevOffset=-1, DocLen=7
Heap.Write: Offset=6968, CreateLSN=195, PrevOffset=-1, DocLen=7
Heap.Write: Offset=7004, CreateLSN=196, PrevOffset=-1, DocLen=7
Heap.Write: Offset=7040, CreateLSN=197, PrevOffset=-1, DocLen=7
Heap.Write: Offset=7076, CreateLSN=198, PrevOffset=-1, DocLen=7
Heap.Write: Offset=7112, CreateLSN=199, PrevOffset=-1, DocLen=7
Heap.Write: Offset=7148, CreateLSN=200, PrevOffset=-1, DocLen=7
Heap.Write: Offset=7184, CreateLSN=201, PrevOffset=-1, DocLen=6
Heap.Write: Offset=7219, CreateLSN=202, PrevOffset=-1, DocLen=7
Heap.Write: Offset=7255, CreateLSN=203, PrevOffset=-1, DocLen=7
Heap.Write: Offset=7291, CreateLSN=204, PrevOffset=-1, DocLen=7
Heap.Write: Offset=7327, CreateLSN=205, PrevOffset=-1, DocLen=7
Heap.Write: Offset=7363, CreateLSN=209, PrevOffset=-1, DocLen=7
Heap.Write: Offset=7399, CreateLSN=210, PrevOffset=-1, DocLen=7
Heap.Write: Offset=7435, CreateLSN=211, PrevOffset=-1, DocLen=6
Heap.Write: Offset=7470, CreateLSN=206, PrevOffset=-1, DocLen=7
Heap.Write: Offset=7506, CreateLSN=207, PrevOffset=-1, DocLen=7
Heap.Write: Offset=7542, CreateLSN=208, PrevOffset=-1, DocLen=7
Heap.Write: Offset=7578, CreateLSN=212, PrevOffset=-1, DocLen=7
Heap.Write: Offset=7614, CreateLSN=217, PrevOffset=-1, DocLen=7
Heap.Write: Offset=7650, CreateLSN=218, PrevOffset=-1, DocLen=6
Heap.Write: Offset=7685, CreateLSN=213, PrevOffset=-1, DocLen=7
Heap.Write: Offset=7721, CreateLSN=220, PrevOffset=-1, DocLen=7
Heap.Write: Offset=7757, CreateLSN=214, PrevOffset=-1, DocLen=7
Heap.Write: Offset=7793, CreateLSN=216, PrevOffset=-1, DocLen=7
Heap.Write: Offset=7829, CreateLSN=215, PrevOffset=-1, DocLen=7
Heap.Write: Offset=7865, CreateLSN=219, PrevOffset=-1, DocLen=7
Heap.Write: Offset=7901, CreateLSN=221, PrevOffset=-1, DocLen=7
Heap.Write: Offset=7937, CreateLSN=222, PrevOffset=-1, DocLen=6
Heap.Write: Offset=7972, CreateLSN=223, PrevOffset=-1, DocLen=7
Heap.Write: Offset=8008, CreateLSN=224, PrevOffset=-1, DocLen=7
Heap.Write: Offset=8044, CreateLSN=225, PrevOffset=-1, DocLen=7
Heap.Write: Offset=8080, CreateLSN=226, PrevOffset=-1, DocLen=7
Heap.Write: Offset=8116, CreateLSN=227, PrevOffset=-1, DocLen=7
Heap.Write: Offset=8152, CreateLSN=228, PrevOffset=-1, DocLen=7
Heap.Write: Offset=8188, CreateLSN=229, PrevOffset=-1, DocLen=7
Heap.Write: Offset=8224, CreateLSN=230, PrevOffset=-1, DocLen=7
Heap.Write: Offset=8260, CreateLSN=231, PrevOffset=-1, DocLen=7
Heap.Write: Offset=8296, CreateLSN=232, PrevOffset=-1, DocLen=7
Heap.Write: Offset=8332, CreateLSN=233, PrevOffset=-1, DocLen=6
Heap.Write: Offset=8367, CreateLSN=234, PrevOffset=-1, DocLen=7
Heap.Write: Offset=8403, CreateLSN=235, PrevOffset=-1, DocLen=7
Heap.Write: Offset=8439, CreateLSN=236, PrevOffset=-1, DocLen=7
Heap.Write: Offset=8475, CreateLSN=241, PrevOffset=-1, DocLen=7
Heap.Write: Offset=8511, CreateLSN=237, PrevOffset=-1, DocLen=7
Heap.Write: Offset=8547, CreateLSN=238, PrevOffset=-1, DocLen=7
Heap.Write: Offset=8583, CreateLSN=239, PrevOffset=-1, DocLen=7
Heap.Write: Offset=8619, CreateLSN=240, PrevOffset=-1, DocLen=7
Heap.Write: Offset=8655, CreateLSN=242, PrevOffset=-1, DocLen=7
Heap.Write: Offset=8691, CreateLSN=243, PrevOffset=-1, DocLen=6
Heap.Write: Offset=8726, CreateLSN=244, PrevOffset=-1, DocLen=7
Heap.Write: Offset=8762, CreateLSN=245, PrevOffset=-1, DocLen=7
Heap.Write: Offset=8798, CreateLSN=246, PrevOffset=-1, DocLen=7
Heap.Write: Offset=8834, CreateLSN=247, PrevOffset=-1, DocLen=7
Heap.Write: Offset=8870, CreateLSN=248, PrevOffset=-1, DocLen=7
Heap.Write: Offset=8906, CreateLSN=249, PrevOffset=-1, DocLen=7
Heap.Write: Offset=8942, CreateLSN=250, PrevOffset=-1, DocLen=7
Heap.Write: Offset=8978, CreateLSN=251, PrevOffset=-1, DocLen=7
Heap.Write: Offset=9014, CreateLSN=252, PrevOffset=-1, DocLen=7
Heap.Write: Offset=9050, CreateLSN=257, PrevOffset=-1, DocLen=7
Heap.Write: Offset=9086, CreateLSN=253, PrevOffset=-1, DocLen=6
Heap.Write: Offset=9121, CreateLSN=259, PrevOffset=-1, DocLen=7
Heap.Write: Offset=9157, CreateLSN=254, PrevOffset=-1, DocLen=7
Heap.Write: Offset=9193, CreateLSN=255, PrevOffset=-1, DocLen=7
Heap.Write: Offset=9229, CreateLSN=256, PrevOffset=-1, DocLen=7
Heap.Write: Offset=9265, CreateLSN=258, PrevOffset=-1, DocLen=7
Heap.Write: Offset=9301, CreateLSN=260, PrevOffset=-1, DocLen=7
Heap.Write: Offset=9337, CreateLSN=261, PrevOffset=-1, DocLen=7
Heap.Write: Offset=9373, CreateLSN=262, PrevOffset=-1, DocLen=7
Heap.Write: Offset=9409, CreateLSN=269, PrevOffset=-1, DocLen=7
Heap.Write: Offset=9445, CreateLSN=263, PrevOffset=-1, DocLen=7
Heap.Write: Offset=9481, CreateLSN=264, PrevOffset=-1, DocLen=6
Heap.Write: Offset=9516, CreateLSN=265, PrevOffset=-1, DocLen=7
Heap.Write: Offset=9552, CreateLSN=266, PrevOffset=-1, DocLen=7
Heap.Write: Offset=9588, CreateLSN=267, PrevOffset=-1, DocLen=7
Heap.Write: Offset=9624, CreateLSN=268, PrevOffset=-1, DocLen=7
Heap.Write: Offset=9660, CreateLSN=270, PrevOffset=-1, DocLen=7
Heap.Write: Offset=9696, CreateLSN=271, PrevOffset=-1, DocLen=7
Heap.Write: Offset=9732, CreateLSN=272, PrevOffset=-1, DocLen=7
Heap.Write: Offset=9768, CreateLSN=273, PrevOffset=-1, DocLen=7
Heap.Write: Offset=9804, CreateLSN=280, PrevOffset=-1, DocLen=7
Heap.Write: Offset=9840, CreateLSN=274, PrevOffset=-1, DocLen=7
Heap.Write: Offset=9876, CreateLSN=275, PrevOffset=-1, DocLen=6
Heap.Write: Offset=9911, CreateLSN=276, PrevOffset=-1, DocLen=7
Heap.Write: Offset=9947, CreateLSN=277, PrevOffset=-1, DocLen=7
Heap.Write: Offset=9983, CreateLSN=278, PrevOffset=-1, DocLen=7
Heap.Write: Offset=10019, CreateLSN=279, PrevOffset=-1, DocLen=7
Heap.Write: Offset=10055, CreateLSN=281, PrevOffset=-1, DocLen=7
Heap.Write: Offset=10091, CreateLSN=282, PrevOffset=-1, DocLen=7
Heap.Write: Offset=10127, CreateLSN=287, PrevOffset=-1, DocLen=7
Heap.Write: Offset=10163, CreateLSN=288, PrevOffset=-1, DocLen=7
Heap.Write: Offset=10199, CreateLSN=283, PrevOffset=-1, DocLen=7
Heap.Write: Offset=10235, CreateLSN=284, PrevOffset=-1, DocLen=7
Heap.Write: Offset=10271, CreateLSN=285, PrevOffset=-1, DocLen=7
Heap.Write: Offset=10307, CreateLSN=286, PrevOffset=-1, DocLen=6
Heap.Write: Offset=10342, CreateLSN=289, PrevOffset=-1, DocLen=7
Heap.Write: Offset=10378, CreateLSN=290, PrevOffset=-1, DocLen=7
Heap.Write: Offset=10414, CreateLSN=291, PrevOffset=-1, DocLen=7
Heap.Write: Offset=10450, CreateLSN=292, PrevOffset=-1, DocLen=7
Heap.Write: Offset=10486, CreateLSN=293, PrevOffset=-1, DocLen=7
Heap.Write: Offset=10522, CreateLSN=294, PrevOffset=-1, DocLen=7
Heap.Write: Offset=10558, CreateLSN=295, PrevOffset=-1, DocLen=7
Heap.Write: Offset=10594, CreateLSN=296, PrevOffset=-1, DocLen=7
Heap.Write: Offset=10630, CreateLSN=297, PrevOffset=-1, DocLen=7
Heap.Write: Offset=10666, CreateLSN=298, PrevOffset=-1, DocLen=6
Heap.Write: Offset=10701, CreateLSN=299, PrevOffset=-1, DocLen=7
Heap.Write: Offset=10737, CreateLSN=300, PrevOffset=-1, DocLen=7
Heap.Write: Offset=10773, CreateLSN=301, PrevOffset=-1, DocLen=7
Heap.Write: Offset=10809, CreateLSN=302, PrevOffset=-1, DocLen=7
Heap.Write: Offset=10845, CreateLSN=307, PrevOffset=-1, DocLen=7
Heap.Write: Offset=10881, CreateLSN=303, PrevOffset=-1, DocLen=7
Heap.Write: Offset=10917, CreateLSN=309, PrevOffset=-1, DocLen=7
Heap.Write: Offset=10953, CreateLSN=305, PrevOffset=-1, DocLen=7
Heap.Write: Offset=10989, CreateLSN=306, PrevOffset=-1, DocLen=7
Heap.Write: Offset=11025, CreateLSN=308, PrevOffset=-1, DocLen=6
Heap.Write: Offset=11060, CreateLSN=304, PrevOffset=-1, DocLen=7
Heap.Write: Offset=11096, CreateLSN=310, PrevOffset=-1, DocLen=7
Heap.Write: Offset=11132, CreateLSN=311, PrevOffset=-1, DocLen=7
Heap.Write: Offset=11168, CreateLSN=312, PrevOffset=-1, DocLen=7
Heap.Write: Offset=11204, CreateLSN=313, PrevOffset=-1, DocLen=7
Heap.Write: Offset=11240, CreateLSN=317, PrevOffset=-1, DocLen=7
Heap.Write: Offset=11276, CreateLSN=314, PrevOffset=-1, DocLen=7
Heap.Write: Offset=11312, CreateLSN=315, PrevOffset=-1, DocLen=7
Heap.Write: Offset=11348, CreateLSN=316, PrevOffset=-1, DocLen=7
Heap.Write: Offset=11384, CreateLSN=318, PrevOffset=-1, DocLen=6
Heap.Write: Offset=11419, CreateLSN=319, PrevOffset=-1, DocLen=7
Heap.Write: Offset=11455, CreateLSN=320, PrevOffset=-1, DocLen=7
Heap.Write: Offset=11491, CreateLSN=321, PrevOffset=-1, DocLen=7
Heap.Write: Offset=11527, CreateLSN=322, PrevOffset=-1, DocLen=7
Heap.Write: Offset=11563, CreateLSN=323, PrevOffset=-1, DocLen=7
Heap.Write: Offset=11599, CreateLSN=324, PrevOffset=-1, DocLen=7
Heap.Write: Offset=11635, CreateLSN=325, PrevOffset=-1, DocLen=7
Heap.Write: Offset=11671, CreateLSN=326, PrevOffset=-1, DocLen=7
Heap.Write: Offset=11707, CreateLSN=327, PrevOffset=-1, DocLen=7
Heap.Write: Offset=11743, CreateLSN=328, PrevOffset=-1, DocLen=6
Heap.Write: Offset=11778, CreateLSN=329, PrevOffset=-1, DocLen=7
Heap.Write: Offset=11814, CreateLSN=330, PrevOffset=-1, DocLen=7
Heap.Write: Offset=11850, CreateLSN=331, PrevOffset=-1, DocLen=7
Heap.Write: Offset=11886, CreateLSN=332, PrevOffset=-1, DocLen=7
Heap.Write: Offset=11922, CreateLSN=333, PrevOffset=-1, DocLen=7
Heap.Write: Offset=11958, CreateLSN=334, PrevOffset=-1, DocLen=7
Heap.Write: Offset=11994, CreateLSN=335, PrevOffset=-1, DocLen=7
Heap.Write: Offset=12030, CreateLSN=337, PrevOffset=-1, DocLen=7
Heap.Write: Offset=12066, CreateLSN=336, PrevOffset=-1, DocLen=7
Heap.Write: Offset=12102, CreateLSN=338, PrevOffset=-1, DocLen=6
Heap.Write: Offset=12137, CreateLSN=339, PrevOffset=-1, DocLen=7
Heap.Write: Offset=12173, CreateLSN=340, PrevOffset=-1, DocLen=7
Heap.Write: Offset=12209, CreateLSN=341, PrevOffset=-1, DocLen=7
Heap.Write: Offset=12245, CreateLSN=342, PrevOffset=-1, DocLen=7
Heap.Write: Offset=12281, CreateLSN=343, PrevOffset=-1, DocLen=7
Heap.Write: Offset=12317, CreateLSN=344, PrevOffset=-1, DocLen=7
Heap.Write: Offset=12353, CreateLSN=345, PrevOffset=-1, DocLen=7
Heap.Write: Offset=12389, CreateLSN=346, PrevOffset=-1, DocLen=7
Heap.Write: Offset=12425, CreateLSN=347, PrevOffset=-1, DocLen=6
Heap.Write: Offset=12460, CreateLSN=348, PrevOffset=-1, DocLen=7
Heap.Write: Offset=12496, CreateLSN=349, PrevOffset=-1, DocLen=7
Heap.Write: Offset=12532, CreateLSN=350, PrevOffset=-1, DocLen=7
Heap.Write: Offset=12568, CreateLSN=351, PrevOffset=-1, DocLen=7
Heap.Write: Offset=12604, CreateLSN=352, PrevOffset=-1, DocLen=7
Heap.Write: Offset=12640, CreateLSN=353, PrevOffset=-1, DocLen=7
Heap.Write: Offset=12676, CreateLSN=354, PrevOffset=-1, DocLen=6
Heap.Write: Offset=12711, CreateLSN=355, PrevOffset=-1, DocLen=7
Heap.Write: Offset=12747, CreateLSN=356, PrevOffset=-1, DocLen=7
Heap.Write: Offset=12783, CreateLSN=357, PrevOffset=-1, DocLen=7
Heap.Write: Offset=12819, CreateLSN=358, PrevOffset=-1, DocLen=7
Heap.Write: Offset=12855, CreateLSN=359, PrevOffset=-1, DocLen=7
Heap.Write: Offset=12891, CreateLSN=362, PrevOffset=-1, DocLen=7
Heap.Write: Offset=12927, CreateLSN=360, PrevOffset=-1, DocLen=7
Heap.Write: Offset=12963, CreateLSN=361, PrevOffset=-1, DocLen=7
Heap.Write: Offset=12999, CreateLSN=363, PrevOffset=-1, DocLen=7
Heap.Write: Offset=13035, CreateLSN=364, PrevOffset=-1, DocLen=7
Heap.Write: Offset=13071, CreateLSN=365, PrevOffset=-1, DocLen=7
Heap.Write: Offset=13107, CreateLSN=366, PrevOffset=-1, DocLen=6
Heap.Write: Offset=13142, CreateLSN=367, PrevOffset=-1, DocLen=7
Heap.Write: Offset=13178, CreateLSN=368, PrevOffset=-1, DocLen=7
Heap.Write: Offset=13214, CreateLSN=369, PrevOffset=-1, DocLen=7
Heap.Write: Offset=13250, CreateLSN=370, PrevOffset=-1, DocLen=7
Heap.Write: Offset=13286, CreateLSN=371, PrevOffset=-1, DocLen=7
Heap.Write: Offset=13322, CreateLSN=372, PrevOffset=-1, DocLen=7
Heap.Write: Offset=13358, CreateLSN=373, PrevOffset=-1, DocLen=7
Heap.Write: Offset=13394, CreateLSN=374, PrevOffset=-1, DocLen=7
Heap.Write: Offset=13430, CreateLSN=375, PrevOffset=-1, DocLen=7
Heap.Write: Offset=13466, CreateLSN=380, PrevOffset=-1, DocLen=7
Heap.Write: Offset=13502, CreateLSN=376, PrevOffset=-1, DocLen=7
Heap.Write: Offset=13538, CreateLSN=377, PrevOffset=-1, DocLen=7
Heap.Write: Offset=13574, CreateLSN=378, PrevOffset=-1, DocLen=6
Heap.Write: Offset=13609, CreateLSN=379, PrevOffset=-1, DocLen=7
Heap.Write: Offset=13645, CreateLSN=381, PrevOffset=-1, DocLen=7
Heap.Write: Offset=13681, CreateLSN=382, PrevOffset=-1, DocLen=7
Heap.Write: Offset=13717, CreateLSN=383, PrevOffset=-1, DocLen=7
Heap.Write: Offset=13753, CreateLSN=384, PrevOffset=-1, DocLen=7
Heap.Write: Offset=13789, CreateLSN=385, PrevOffset=-1, DocLen=7
Heap.Write: Offset=13825, CreateLSN=386, PrevOffset=-1, DocLen=7
Heap.Write: Offset=13861, CreateLSN=391, PrevOffset=-1, DocLen=7
Heap.Write: Offset=13897, CreateLSN=387, PrevOffset=-1, DocLen=7
Heap.Write: Offset=13933, CreateLSN=388, PrevOffset=-1, DocLen=7
Heap.Write: Offset=13969, CreateLSN=389, PrevOffset=-1, DocLen=6
Heap.Write: Offset=14004, CreateLSN=390, PrevOffset=-1, DocLen=7
Heap.Write: Offset=14040, CreateLSN=392, PrevOffset=-1, DocLen=7
Heap.Write: Offset=14076, CreateLSN=393, PrevOffset=-1, DocLen=7
Heap.Write: Offset=14112, CreateLSN=394, PrevOffset=-1, DocLen=7
Heap.Write: Offset=14148, CreateLSN=395, PrevOffset=-1, DocLen=7
Heap.Write: Offset=14184, CreateLSN=401, PrevOffset=-1, DocLen=7
Heap.Write: Offset=14220, CreateLSN=397, PrevOffset=-1, DocLen=7
Heap.Write: Offset=14256, CreateLSN=403, PrevOffset=-1, DocLen=7
Heap.Write: Offset=14292, CreateLSN=398, PrevOffset=-1, DocLen=7
Heap.Write: Offset=14328, CreateLSN=399, PrevOffset=-1, DocLen=6
Heap.Write: Offset=14363, CreateLSN=400, PrevOffset=-1, DocLen=7
Heap.Write: Offset=14399, CreateLSN=396, PrevOffset=-1, DocLen=7
Heap.Write: Offset=14435, CreateLSN=402, PrevOffset=-1, DocLen=7
Heap.Write: Offset=14471, CreateLSN=404, PrevOffset=-1, DocLen=7
Heap.Write: Offset=14507, CreateLSN=405, PrevOffset=-1, DocLen=7
Heap.Write: Offset=14543, CreateLSN=406, PrevOffset=-1, DocLen=7
Heap.Write: Offset=14579, CreateLSN=408, PrevOffset=-1, DocLen=7
Heap.Write: Offset=14615, CreateLSN=407, PrevOffset=-1, DocLen=7
Heap.Write: Offset=14651, CreateLSN=409, PrevOffset=-1, DocLen=7
Heap.Write: Offset=14687, CreateLSN=410, PrevOffset=-1, DocLen=6
Heap.Write: Offset=14722, CreateLSN=411, PrevOffset=-1, DocLen=7
Heap.Write: Offset=14758, CreateLSN=412, PrevOffset=-1, DocLen=7
Heap.Write: Offset=14794, CreateLSN=413, PrevOffset=-1, DocLen=7
Heap.Write: Offset=14830, CreateLSN=414, PrevOffset=-1, DocLen=7
Heap.Write: Offset=14866, CreateLSN=419, PrevOffset=-1, DocLen=7
Heap.Write: Offset=14902, CreateLSN=415, PrevOffset=-1, DocLen=7
Heap.Write: Offset=14938, CreateLSN=421, PrevOffset=-1, DocLen=7
Heap.Write: Offset=14974, CreateLSN=416, PrevOffset=-1, DocLen=7
Heap.Write: Offset=15010, CreateLSN=417, PrevOffset=-1, DocLen=7
Heap.Write: Offset=15046, CreateLSN=418, PrevOffset=-1, DocLen=7
Heap.Write: Offset=15082, CreateLSN=420, PrevOffset=-1, DocLen=6
Heap.Write: Offset=15117, CreateLSN=422, PrevOffset=-1, DocLen=7
Heap.Write: Offset=15153, CreateLSN=423, PrevOffset=-1, DocLen=7
Heap.Write: Offset=15189, CreateLSN=424, PrevOffset=-1, DocLen=7
Heap.Write: Offset=15225, CreateLSN=425, PrevOffset=-1, DocLen=7
Heap.Write: Offset=15261, CreateLSN=430, PrevOffset=-1, DocLen=7
Heap.Write: Offset=15297, CreateLSN=426, PrevOffset=-1, DocLen=7
Heap.Write: Offset=15333, CreateLSN=427, PrevOffset=-1, DocLen=7
Heap.Write: Offset=15369, CreateLSN=428, PrevOffset=-1, DocLen=7
Heap.Write: Offset=15405, CreateLSN=429, PrevOffset=-1, DocLen=7
Heap.Write: Offset=15441, CreateLSN=431, PrevOffset=-1, DocLen=6
Heap.Write: Offset=15476, CreateLSN=432, PrevOffset=-1, DocLen=7
Heap.Write: Offset=15512, CreateLSN=433, PrevOffset=-1, DocLen=7
Heap.Write: Offset=15548, CreateLSN=434, PrevOffset=-1, DocLen=7
Heap.Write: Offset=15584, CreateLSN=435, PrevOffset=-1, DocLen=7
Heap.Write: Offset=15620, CreateLSN=436, PrevOffset=-1, DocLen=7
Heap.Write: Offset=15656, CreateLSN=437, PrevOffset=-1, DocLen=7
Heap.Write: Offset=15692, CreateLSN=438, PrevOffset=-1, DocLen=7
Heap.Write: Offset=15728, CreateLSN=439, PrevOffset=-1, DocLen=7
Heap.Write: Offset=15764, CreateLSN=440, PrevOffset=-1, DocLen=7
Heap.Write: Offset=15800, CreateLSN=441, PrevOffset=-1, DocLen=6
Heap.Write: Offset=15835, CreateLSN=442, PrevOffset=-1, DocLen=7
Heap.Write: Offset=15871, CreateLSN=443, PrevOffset=-1, DocLen=7
Heap.Write: Offset=15907, CreateLSN=444, PrevOffset=-1, DocLen=7
Heap.Write: Offset=15943, CreateLSN=449, PrevOffset=-1, DocLen=7
Heap.Write: Offset=15979, CreateLSN=445, PrevOffset=-1, DocLen=7
Heap.Write: Offset=16015, CreateLSN=446, PrevOffset=-1, DocLen=7
Heap.Write: Offset=16051, CreateLSN=447, PrevOffset=-1, DocLen=7
Heap.Write: Offset=16087, CreateLSN=448, PrevOffset=-1, DocLen=7
Heap.Write: Offset=16123, CreateLSN=450, PrevOffset=-1, DocLen=7
Heap.Write: Offset=16159, CreateLSN=451, PrevOffset=-1, DocLen=6
Heap.Write: Offset=16194, CreateLSN=452, PrevOffset=-1, DocLen=7
Heap.Write: Offset=16230, CreateLSN=453, PrevOffset=-1, DocLen=7
Heap.Write: Offset=16266, CreateLSN=454, PrevOffset=-1, DocLen=7
Heap.Write: Offset=16302, CreateLSN=461, PrevOffset=-1, DocLen=6
Heap.Write: Offset=16337, CreateLSN=455, PrevOffset=-1, DocLen=7
Heap.Write: Offset=16373, CreateLSN=456, PrevOffset=-1, DocLen=7
Heap.Write: Offset=16409, CreateLSN=458, PrevOffset=-1, DocLen=7
Heap.Write: Offset=16445, CreateLSN=457, PrevOffset=-1, DocLen=7
Heap.Write: Offset=16481, CreateLSN=459, PrevOffset=-1, DocLen=7
Heap.Write: Offset=16517, CreateLSN=460, PrevOffset=-1, DocLen=7
Heap.Write: Offset=16553, CreateLSN=462, PrevOffset=-1, DocLen=7
Heap.Write: Offset=16589, CreateLSN=463, PrevOffset=-1, DocLen=7
Heap.Write: Offset=16625, CreateLSN=464, PrevOffset=-1, DocLen=7
Heap.Write: Offset=16661, CreateLSN=465, PrevOffset=-1, DocLen=7
Heap.Write: Offset=16697, CreateLSN=466, PrevOffset=-1, DocLen=6
Heap.Write: Offset=16732, CreateLSN=467, PrevOffset=-1, DocLen=7
Heap.Write: Offset=16768, CreateLSN=468, PrevOffset=-1, DocLen=7
Heap.Write: Offset=16804, CreateLSN=469, PrevOffset=-1, DocLen=7
Heap.Write: Offset=16840, CreateLSN=470, PrevOffset=-1, DocLen=7
Heap.Write: Offset=16876, CreateLSN=471, PrevOffset=-1, DocLen=7
Heap.Write: Offset=16912, CreateLSN=472, PrevOffset=-1, DocLen=7
Heap.Write: Offset=16948, CreateLSN=473, PrevOffset=-1, DocLen=7
Heap.Write: Offset=16984, CreateLSN=474, PrevOffset=-1, DocLen=7
Heap.Write: Offset=17020, CreateLSN=481, PrevOffset=-1, DocLen=7
Heap.Write: Offset=17056, CreateLSN=475, PrevOffset=-1, DocLen=7
Heap.Write: Offset=17092, CreateLSN=476, PrevOffset=-1, DocLen=7
Heap.Write: Offset=17128, CreateLSN=477, PrevOffset=-1, DocLen=6
Heap.Write: Offset=17163, CreateLSN=478, PrevOffset=-1, DocLen=7
Heap.Write: Offset=17199, CreateLSN=479, PrevOffset=-1, DocLen=7
Heap.Write: Offset=17235, CreateLSN=480, PrevOffset=-1, DocLen=7
Heap.Write: Offset=17271, CreateLSN=482, PrevOffset=-1, DocLen=7
Heap.Write: Offset=17307, CreateLSN=483, PrevOffset=-1, DocLen=7
Heap.Write: Offset=17343, CreateLSN=484, PrevOffset=-1, DocLen=7
Heap.Write: Offset=17379, CreateLSN=485, PrevOffset=-1, DocLen=7
Heap.Write: Offset=17415, CreateLSN=486, PrevOffset=-1, DocLen=7
Heap.Write: Offset=17451, CreateLSN=487, PrevOffset=-1, DocLen=7
Heap.Write: Offset=17487, CreateLSN=488, PrevOffset=-1, DocLen=6
Heap.Write: Offset=17522, CreateLSN=489, PrevOffset=-1, DocLen=7
Heap.Write: Offset=17558, CreateLSN=490, PrevOffset=-1, DocLen=7
Heap.Write: Offset=17594, CreateLSN=491, PrevOffset=-1, DocLen=7
Heap.Write: Offset=17630, CreateLSN=492, PrevOffset=-1, DocLen=7
Heap.Write: Offset=17666, CreateLSN=493, PrevOffset=-1, DocLen=7
Heap.Write: Offset=17702, CreateLSN=494, PrevOffset=-1, DocLen=7
Heap.Write: Offset=17738, CreateLSN=495, PrevOffset=-1, DocLen=7
Heap.Write: Offset=17774, CreateLSN=496, PrevOffset=-1, DocLen=7
Heap.Write: Offset=17810, CreateLSN=497, PrevOffset=-1, DocLen=7
Heap.Write: Offset=17846, CreateLSN=498, PrevOffset=-1, DocLen=6
Heap.Write: Offset=17881, CreateLSN=499, PrevOffset=-1, DocLen=7
Heap.Write: Offset=17917, CreateLSN=500, PrevOffset=-1, DocLen=7
Heap.Write: Offset=17953, CreateLSN=501, PrevOffset=-1, DocLen=7
Heap.Write: Offset=17989, CreateLSN=502, PrevOffset=-1, DocLen=7
Heap.Write: Offset=18025, CreateLSN=503, PrevOffset=-1, DocLen=7
Heap.Write: Offset=18061, CreateLSN=504, PrevOffset=-1, DocLen=7
Heap.Write: Offset=18097, CreateLSN=505, PrevOffset=-1, DocLen=6
Heap.Write: Offset=18132, CreateLSN=506, PrevOffset=-1, DocLen=7
Heap.Write: Offset=18168, CreateLSN=507, PrevOffset=-1, DocLen=7
Heap.Write: Offset=18204, CreateLSN=508, PrevOffset=-1, DocLen=7
Heap.Write: Offset=18240, CreateLSN=509, PrevOffset=-1, DocLen=7
Heap.Write: Offset=18276, CreateLSN=510, PrevOffset=-1, DocLen=7
Heap.Write: Offset=18312, CreateLSN=511, PrevOffset=-1, DocLen=7
Heap.Write: Offset=18348, CreateLSN=512, PrevOffset=-1, DocLen=7
Heap.Write: Offset=18384, CreateLSN=513, PrevOffset=-1, DocLen=7
Heap.Write: Offset=18420, CreateLSN=514, PrevOffset=-1, DocLen=7
Heap.Write: Offset=18456, CreateLSN=515, PrevOffset=-1, DocLen=6
Heap.Write: Offset=18491, CreateLSN=516, PrevOffset=-1, DocLen=7
Heap.Write: Offset=18527, CreateLSN=517, PrevOffset=-1, DocLen=7
Heap.Write: Offset=18563, CreateLSN=518, PrevOffset=-1, DocLen=7
Heap.Write: Offset=18599, CreateLSN=519, PrevOffset=-1, DocLen=7
Heap.Write: Offset=18635, CreateLSN=520, PrevOffset=-1, DocLen=7
Heap.Write: Offset=18671, CreateLSN=521, PrevOffset=-1, DocLen=7
Heap.Write: Offset=18707, CreateLSN=522, PrevOffset=-1, DocLen=7
Heap.Write: Offset=18743, CreateLSN=523, PrevOffset=-1, DocLen=7
Heap.Write: Offset=18779, CreateLSN=524, PrevOffset=-1, DocLen=6
Heap.Write: Offset=18814, CreateLSN=525, PrevOffset=-1, DocLen=7
Heap.Write: Offset=18850, CreateLSN=526, PrevOffset=-1, DocLen=7
Heap.Write: Offset=18886, CreateLSN=527, PrevOffset=-1, DocLen=7
Heap.Write: Offset=18922, CreateLSN=528, PrevOffset=-1, DocLen=7
Heap.Write: Offset=18958, CreateLSN=533, PrevOffset=-1, DocLen=7
Heap.Write: Offset=18994, CreateLSN=534, PrevOffset=-1, DocLen=6
Heap.Write: Offset=19029, CreateLSN=535, PrevOffset=-1, DocLen=7
Heap.Write: Offset=19065, CreateLSN=529, PrevOffset=-1, DocLen=7
Heap.Write: Offset=19101, CreateLSN=530, PrevOffset=-1, DocLen=7
Heap.Write: Offset=19137, CreateLSN=531, PrevOffset=-1, DocLen=7
Heap.Write: Offset=19173, CreateLSN=532, PrevOffset=-1, DocLen=7
Heap.Write: Offset=19209, CreateLSN=536, PrevOffset=-1, DocLen=7
Heap.Write: Offset=19245, CreateLSN=540, PrevOffset=-1, DocLen=6
Heap.Write: Offset=19280, CreateLSN=541, PrevOffset=-1, DocLen=7
Heap.Write: Offset=19316, CreateLSN=537, PrevOffset=-1, DocLen=7
Heap.Write: Offset=19352, CreateLSN=538, PrevOffset=-1, DocLen=7
Heap.Write: Offset=19388, CreateLSN=539, PrevOffset=-1, DocLen=7
Heap.Write: Offset=19424, CreateLSN=542, PrevOffset=-1, DocLen=7
Heap.Write: Offset=19460, CreateLSN=543, PrevOffset=-1, DocLen=7
Heap.Write: Offset=19496, CreateLSN=544, PrevOffset=-1, DocLen=7
Heap.Write: Offset=19532, CreateLSN=545, PrevOffset=-1, DocLen=7
Heap.Write: Offset=19568, CreateLSN=546, PrevOffset=-1, DocLen=7
Heap.Write: Offset=19604, CreateLSN=547, PrevOffset=-1, DocLen=6
Heap.Write: Offset=19639, CreateLSN=548, PrevOffset=-1, DocLen=7
Heap.Write: Offset=19675, CreateLSN=551, PrevOffset=-1, DocLen=7
Heap.Write: Offset=19711, CreateLSN=549, PrevOffset=-1, DocLen=7
Heap.Write: Offset=19747, CreateLSN=550, PrevOffset=-1, DocLen=7
Heap.Write: Offset=19783, CreateLSN=552, PrevOffset=-1, DocLen=7
Heap.Write: Offset=19819, CreateLSN=553, PrevOffset=-1, DocLen=7
Heap.Write: Offset=19855, CreateLSN=554, PrevOffset=-1, DocLen=7
Heap.Write: Offset=19891, CreateLSN=555, PrevOffset=-1, DocLen=7
Heap.Write: Offset=19927, CreateLSN=556, PrevOffset=-1, DocLen=7
Heap.Write: Offset=19963, CreateLSN=557, PrevOffset=-1, DocLen=7
Heap.Write: Offset=19999, CreateLSN=558, PrevOffset=-1, DocLen=7
Heap.Write: Offset=20035, CreateLSN=559, PrevOffset=-1, DocLen=6
Heap.Write: Offset=20070, CreateLSN=560, PrevOffset=-1, DocLen=7
Heap.Write: Offset=20106, CreateLSN=561, PrevOffset=-1, DocLen=7
Heap.Write: Offset=20142, CreateLSN=562, PrevOffset=-1, DocLen=7
Heap.Write: Offset=20178, CreateLSN=563, PrevOffset=-1, DocLen=7
Heap.Write: Offset=20214, CreateLSN=564, PrevOffset=-1, DocLen=7
Heap.Write: Offset=20250, CreateLSN=565, PrevOffset=-1, DocLen=7
Heap.Write: Offset=20286, CreateLSN=566, PrevOffset=-1, DocLen=7
Heap.Write: Offset=20322, CreateLSN=572, PrevOffset=-1, DocLen=7
Heap.Write: Offset=20358, CreateLSN=567, PrevOffset=-1, DocLen=7
Heap.Write: Offset=20394, CreateLSN=568, PrevOffset=-1, DocLen=7
Heap.Write: Offset=20430, CreateLSN=569, PrevOffset=-1, DocLen=6
Heap.Write: Offset=20465, CreateLSN=571, PrevOffset=-1, DocLen=7
Heap.Write: Offset=20501, CreateLSN=570, PrevOffset=-1, DocLen=7
Heap.Write: Offset=20537, CreateLSN=573, PrevOffset=-1, DocLen=7
Heap.Write: Offset=20573, CreateLSN=574, PrevOffset=-1, DocLen=7
Heap.Write: Offset=20609, CreateLSN=575, PrevOffset=-1, DocLen=7
Heap.Write: Offset=20645, CreateLSN=576, PrevOffset=-1, DocLen=7
Heap.Write: Offset=20681, CreateLSN=577, PrevOffset=-1, DocLen=7
Heap.Write: Offset=20717, CreateLSN=578, PrevOffset=-1, DocLen=7
Heap.Write: Offset=20753, CreateLSN=579, PrevOffset=-1, DocLen=6
Heap.Write: Offset=20788, CreateLSN=580, PrevOffset=-1, DocLen=7
Heap.Write: Offset=20824, CreateLSN=585, PrevOffset=-1, DocLen=7
Heap.Write: Offset=20860, CreateLSN=581, PrevOffset=-1, DocLen=7
Heap.Write: Offset=20896, CreateLSN=582, PrevOffset=-1, DocLen=7
Heap.Write: Offset=20932, CreateLSN=583, PrevOffset=-1, DocLen=7
Heap.Write: Offset=20968, CreateLSN=584, PrevOffset=-1, DocLen=7
Heap.Write: Offset=21004, CreateLSN=586, PrevOffset=-1, DocLen=6
Heap.Write: Offset=21039, CreateLSN=587, PrevOffset=-1, DocLen=7
Heap.Write: Offset=21075, CreateLSN=588, PrevOffset=-1, DocLen=7
Heap.Write: Offset=21111, CreateLSN=589, PrevOffset=-1, DocLen=7
Heap.Write: Offset=21147, CreateLSN=590, PrevOffset=-1, DocLen=7
Heap.Write: Offset=21183, CreateLSN=591, PrevOffset=-1, DocLen=7
Heap.Write: Offset=21219, CreateLSN=592, PrevOffset=-1, DocLen=7
Heap.Write: Offset=21255, CreateLSN=593, PrevOffset=-1, DocLen=7
Heap.Write: Offset=21291, CreateLSN=594, PrevOffset=-1, DocLen=7
Heap.Write: Offset=21327, CreateLSN=595, PrevOffset=-1, DocLen=7
Heap.Write: Offset=21363, CreateLSN=596, PrevOffset=-1, DocLen=7
Heap.Write: Offset=21399, CreateLSN=597, PrevOffset=-1, DocLen=6
Heap.Write: Offset=21434, CreateLSN=598, PrevOffset=-1, DocLen=7
Heap.Write: Offset=21470, CreateLSN=599, PrevOffset=-1, DocLen=7
Heap.Write: Offset=21506, CreateLSN=600, PrevOffset=-1, DocLen=7
Heap.Write: Offset=21542, CreateLSN=601, PrevOffset=-1, DocLen=7
Heap.Write: Offset=21578, CreateLSN=602, PrevOffset=-1, DocLen=7
Heap.Write: Offset=21614, CreateLSN=603, PrevOffset=-1, DocLen=7
Heap.Write: Offset=21650, CreateLSN=604, PrevOffset=-1, DocLen=7
Heap.Write: Offset=21686, CreateLSN=605, PrevOffset=-1, DocLen=7
Heap.Write: Offset=21722, CreateLSN=606, PrevOffset=-1, DocLen=7
Heap.Write: Offset=21758, CreateLSN=607, PrevOffset=-1, DocLen=6
Heap.Write: Offset=21793, CreateLSN=608, PrevOffset=-1, DocLen=7
Heap.Write: Offset=21829, CreateLSN=609, PrevOffset=-1, DocLen=7
Heap.Write: Offset=21865, CreateLSN=610, PrevOffset=-1, DocLen=7
Heap.Write: Offset=21901, CreateLSN=611, PrevOffset=-1, DocLen=7
Heap.Write: Offset=21937, CreateLSN=612, PrevOffset=-1, DocLen=7
Heap.Write: Offset=21973, CreateLSN=613, PrevOffset=-1, DocLen=7
Heap.Write: Offset=22009, CreateLSN=614, PrevOffset=-1, DocLen=7
Heap.Write: Offset=22045, CreateLSN=615, PrevOffset=-1, DocLen=7
Heap.Write: Offset=22081, CreateLSN=616, PrevOffset=-1, DocLen=7
Heap.Write: Offset=22117, CreateLSN=617, PrevOffset=-1, DocLen=6
Heap.Write: Offset=22152, CreateLSN=618, PrevOffset=-1, DocLen=7
Heap.Write: Offset=22188, CreateLSN=619, PrevOffset=-1, DocLen=7
Heap.Write: Offset=22224, CreateLSN=620, PrevOffset=-1, DocLen=7
Heap.Write: Offset=22260, CreateLSN=625, PrevOffset=-1, DocLen=7
Heap.Write: Offset=22296, CreateLSN=621, PrevOffset=-1, DocLen=7
Heap.Write: Offset=22332, CreateLSN=622, PrevOffset=-1, DocLen=7
Heap.Write: Offset=22368, CreateLSN=623, PrevOffset=-1, DocLen=7
Heap.Write: Offset=22404, CreateLSN=624, PrevOffset=-1, DocLen=7
Heap.Write: Offset=22440, CreateLSN=626, PrevOffset=-1, DocLen=7
Heap.Write: Offset=22476, CreateLSN=632, PrevOffset=-1, DocLen=7
Heap.Write: Offset=22512, CreateLSN=633, PrevOffset=-1, DocLen=7
Heap.Write: Offset=22548, CreateLSN=634, PrevOffset=-1, DocLen=7
Heap.Write: Offset=22584, CreateLSN=635, PrevOffset=-1, DocLen=7
Heap.Write: Offset=22620, CreateLSN=627, PrevOffset=-1, DocLen=6
Heap.Write: Offset=22655, CreateLSN=628, PrevOffset=-1, DocLen=7
Heap.Write: Offset=22691, CreateLSN=629, PrevOffset=-1, DocLen=7
Heap.Write: Offset=22727, CreateLSN=630, PrevOffset=-1, DocLen=7
Heap.Write: Offset=22763, CreateLSN=631, PrevOffset=-1, DocLen=7
Heap.Write: Offset=22799, CreateLSN=636, PrevOffset=-1, DocLen=7
Heap.Write: Offset=22835, CreateLSN=637, PrevOffset=-1, DocLen=7
Heap.Write: Offset=22871, CreateLSN=641, PrevOffset=-1, DocLen=6
Heap.Write: Offset=22906, CreateLSN=638, PrevOffset=-1, DocLen=7
Heap.Write: Offset=22942, CreateLSN=639, PrevOffset=-1, DocLen=7
Heap.Write: Offset=22978, CreateLSN=640, PrevOffset=-1, DocLen=7
Heap.Write: Offset=23014, CreateLSN=642, PrevOffset=-1, DocLen=7
Heap.Write: Offset=23050, CreateLSN=643, PrevOffset=-1, DocLen=7
Heap.Write: Offset=23086, CreateLSN=644, PrevOffset=-1, DocLen=7
Heap.Write: Offset=23122, CreateLSN=645, PrevOffset=-1, DocLen=7
Heap.Write: Offset=23158, CreateLSN=646, PrevOffset=-1, DocLen=7
Heap.Write: Offset=23194, CreateLSN=647, PrevOffset=-1, DocLen=7
Heap.Write: Offset=23230, CreateLSN=648, PrevOffset=-1, DocLen=7
Heap.Write: Offset=23266, CreateLSN=649, PrevOffset=-1, DocLen=6
Heap.Write: Offset=23301, CreateLSN=650, PrevOffset=-1, DocLen=7
Heap.Write: Offset=23337, CreateLSN=651, PrevOffset=-1, DocLen=7
Heap.Write: Offset=23373, CreateLSN=652, PrevOffset=-1, DocLen=7
Heap.Write: Offset=23409, CreateLSN=653, PrevOffset=-1, DocLen=7
Heap.Write: Offset=23445, CreateLSN=654, PrevOffset=-1, DocLen=7
Heap.Write: Offset=23481, CreateLSN=655, PrevOffset=-1, DocLen=7
Heap.Write: Offset=23517, CreateLSN=656, PrevOffset=-1, DocLen=6
Heap.Write: Offset=23552, CreateLSN=661, PrevOffset=-1, DocLen=7
Heap.Write: Offset=23588, CreateLSN=662, PrevOffset=-1, DocLen=7
Heap.Write: Offset=23624, CreateLSN=663, PrevOffset=-1, DocLen=7
Heap.Write: Offset=23660, CreateLSN=657, PrevOffset=-1, DocLen=7
Heap.Write: Offset=23696, CreateLSN=658, PrevOffset=-1, DocLen=7
Heap.Write: Offset=23732, CreateLSN=659, PrevOffset=-1, DocLen=7
Heap.Write: Offset=23768, CreateLSN=660, PrevOffset=-1, DocLen=7
Heap.Write: Offset=23804, CreateLSN=664, PrevOffset=-1, DocLen=7
Heap.Write: Offset=23840, CreateLSN=665, PrevOffset=-1, DocLen=7
Heap.Write: Offset=23876, CreateLSN=666, PrevOffset=-1, DocLen=7
Heap.Write: Offset=23912, CreateLSN=667, PrevOffset=-1, DocLen=7
Heap.Write: Offset=23948, CreateLSN=668, PrevOffset=-1, DocLen=6
Heap.Write: Offset=23983, CreateLSN=669, PrevOffset=-1, DocLen=7
Heap.Write: Offset=24019, CreateLSN=670, PrevOffset=-1, DocLen=7
Heap.Write: Offset=24055, CreateLSN=671, PrevOffset=-1, DocLen=7
Heap.Write: Offset=24091, CreateLSN=672, PrevOffset=-1, DocLen=7
Heap.Write: Offset=24127, CreateLSN=673, PrevOffset=-1, DocLen=7
Heap.Write: Offset=24163, CreateLSN=674, PrevOffset=-1, DocLen=7
Heap.Write: Offset=24199, CreateLSN=675, PrevOffset=-1, DocLen=7
Heap.Write: Offset=24235, CreateLSN=676, PrevOffset=-1, DocLen=7
Heap.Write: Offset=24271, CreateLSN=677, PrevOffset=-1, DocLen=7
Heap.Write: Offset=24307, CreateLSN=678, PrevOffset=-1, DocLen=7
Heap.Write: Offset=24343, CreateLSN=679, PrevOffset=-1, DocLen=6
Heap.Write: Offset=24378, CreateLSN=680, PrevOffset=-1, DocLen=7
Heap.Write: Offset=24414, CreateLSN=681, PrevOffset=-1, DocLen=7
Heap.Write: Offset=24450, CreateLSN=682, PrevOffset=-1, DocLen=7
Heap.Write: Offset=24486, CreateLSN=683, PrevOffset=-1, DocLen=7
Heap.Write: Offset=24522, CreateLSN=684, PrevOffset=-1, DocLen=7
Heap.Write: Offset=24558, CreateLSN=685, PrevOffset=-1, DocLen=7
Heap.Write: Offset=24594, CreateLSN=686, PrevOffset=-1, DocLen=6
Heap.Write: Offset=24629, CreateLSN=687, PrevOffset=-1, DocLen=7
Heap.Write: Offset=24665, CreateLSN=688, PrevOffset=-1, DocLen=7
Heap.Write: Offset=24701, CreateLSN=689, PrevOffset=-1, DocLen=7
Heap.Write: Offset=24737, CreateLSN=690, PrevOffset=-1, DocLen=7
Heap.Write: Offset=24773, CreateLSN=691, PrevOffset=-1, DocLen=7
Heap.Write: Offset=24809, CreateLSN=692, PrevOffset=-1, DocLen=7
Heap.Write: Offset=24845, CreateLSN=693, PrevOffset=-1, DocLen=7
Heap.Write: Offset=24881, CreateLSN=694, PrevOffset=-1, DocLen=7
Heap.Write: Offset=24917, CreateLSN=695, PrevOffset=-1, DocLen=7
Heap.Write: Offset=24953, CreateLSN=696, PrevOffset=-1, DocLen=7
Heap.Write: Offset=24989, CreateLSN=697, PrevOffset=-1, DocLen=6
Heap.Write: Offset=25024, CreateLSN=698, PrevOffset=-1, DocLen=7
Heap.Write: Offset=25060, CreateLSN=699, PrevOffset=-1, DocLen=7
Heap.Write: Offset=25096, CreateLSN=700, PrevOffset=-1, DocLen=7
Heap.Write: Offset=25132, CreateLSN=701, PrevOffset=-1, DocLen=7
Heap.Write: Offset=25168, CreateLSN=702, PrevOffset=-1, DocLen=7
Heap.Write: Offset=25204, CreateLSN=706, PrevOffset=-1, DocLen=7
Heap.Write: Offset=25240, CreateLSN=703, PrevOffset=-1, DocLen=7
Heap.Write: Offset=25276, CreateLSN=704, PrevOffset=-1, DocLen=7
Heap.Write: Offset=25312, CreateLSN=705, PrevOffset=-1, DocLen=7
Heap.Write: Offset=25348, CreateLSN=707, PrevOffset=-1, DocLen=6
Heap.Write: Offset=25383, CreateLSN=708, PrevOffset=-1, DocLen=7
Heap.Write: Offset=25419, CreateLSN=709, PrevOffset=-1, DocLen=7
Heap.Write: Offset=25455, CreateLSN=710, PrevOffset=-1, DocLen=7
Heap.Write: Offset=25491, CreateLSN=714, PrevOffset=-1, DocLen=7
Heap.Write: Offset=25527, CreateLSN=711, PrevOffset=-1, DocLen=7
Heap.Write: Offset=25563, CreateLSN=712, PrevOffset=-1, DocLen=7
Heap.Write: Offset=25599, CreateLSN=713, PrevOffset=-1, DocLen=7
Heap.Write: Offset=25635, CreateLSN=715, PrevOffset=-1, DocLen=7
Heap.Write: Offset=25671, CreateLSN=716, PrevOffset=-1, DocLen=7
Heap.Write: Offset=25707, CreateLSN=717, PrevOffset=-1, DocLen=6
Heap.Write: Offset=25742, CreateLSN=718, PrevOffset=-1, DocLen=7
Heap.Write: Offset=25778, CreateLSN=719, PrevOffset=-1, DocLen=7
Heap.Write: Offset=25814, CreateLSN=720, PrevOffset=-1, DocLen=7
Heap.Write: Offset=25850, CreateLSN=721, PrevOffset=-1, DocLen=7
Heap.Write: Offset=25886, CreateLSN=722, PrevOffset=-1, DocLen=7
Heap.Write: Offset=25922, CreateLSN=723, PrevOffset=-1, DocLen=7
Heap.Write: Offset=25958, CreateLSN=724, PrevOffset=-1, DocLen=7
Heap.Write: Offset=25994, CreateLSN=725, PrevOffset=-1, DocLen=7
Heap.Write: Offset=26030, CreateLSN=726, PrevOffset=-1, DocLen=7
Heap.Write: Offset=26066, CreateLSN=727, PrevOffset=-1, DocLen=6
Heap.Write: Offset=26101, CreateLSN=728, PrevOffset=-1, DocLen=7
Heap.Write: Offset=26137, CreateLSN=733, PrevOffset=-1, DocLen=7
Heap.Write: Offset=26173, CreateLSN=729, PrevOffset=-1, DocLen=7
Heap.Write: Offset=26209, CreateLSN=730, PrevOffset=-1, DocLen=7
Heap.Write: Offset=26245, CreateLSN=736, PrevOffset=-1, DocLen=7
Heap.Write: Offset=26281, CreateLSN=731, PrevOffset=-1, DocLen=7
Heap.Write: Offset=26317, CreateLSN=732, PrevOffset=-1, DocLen=7
Heap.Write: Offset=26353, CreateLSN=734, PrevOffset=-1, DocLen=7
Heap.Write: Offset=26389, CreateLSN=735, PrevOffset=-1, DocLen=7
Heap.Write: Offset=26425, CreateLSN=737, PrevOffset=-1, DocLen=6
Heap.Write: Offset=26460, CreateLSN=738, PrevOffset=-1, DocLen=7
Heap.Write: Offset=26496, CreateLSN=739, PrevOffset=-1, DocLen=7
Heap.Write: Offset=26532, CreateLSN=740, PrevOffset=-1, DocLen=7
Heap.Write: Offset=26568, CreateLSN=741, PrevOffset=-1, DocLen=7
Heap.Write: Offset=26604, CreateLSN=742, PrevOffset=-1, DocLen=7
Heap.Write: Offset=26640, CreateLSN=743, PrevOffset=-1, DocLen=7
Heap.Write: Offset=26676, CreateLSN=744, PrevOffset=-1, DocLen=7
Heap.Write: Offset=26712, CreateLSN=745, PrevOffset=-1, DocLen=7
Heap.Write: Offset=26748, CreateLSN=746, PrevOffset=-1, DocLen=7
Heap.Write: Offset=26784, CreateLSN=747, PrevOffset=-1, DocLen=6
Heap.Write: Offset=26819, CreateLSN=748, PrevOffset=-1, DocLen=7
Heap.Write: Offset=26855, CreateLSN=749, PrevOffset=-1, DocLen=7
Heap.Write: Offset=26891, CreateLSN=750, PrevOffset=-1, DocLen=7
Heap.Write: Offset=26927, CreateLSN=751, PrevOffset=-1, DocLen=7
Heap.Write: Offset=26963, CreateLSN=752, PrevOffset=-1, DocLen=7
Heap.Write: Offset=26999, CreateLSN=753, PrevOffset=-1, DocLen=7
Heap.Write: Offset=27035, CreateLSN=754, PrevOffset=-1, DocLen=7
Heap.Write: Offset=27071, CreateLSN=755, PrevOffset=-1, DocLen=7
Heap.Write: Offset=27107, CreateLSN=756, PrevOffset=-1, DocLen=7
Heap.Write: Offset=27143, CreateLSN=757, PrevOffset=-1, DocLen=6
Heap.Write: Offset=27178, CreateLSN=758, PrevOffset=-1, DocLen=7
Heap.Write: Offset=27214, CreateLSN=759, PrevOffset=-1, DocLen=7
Heap.Write: Offset=27250, CreateLSN=760, PrevOffset=-1, DocLen=7
Heap.Write: Offset=27286, CreateLSN=761, PrevOffset=-1, DocLen=7
Heap.Write: Offset=27322, CreateLSN=763, PrevOffset=-1, DocLen=7
Heap.Write: Offset=27358, CreateLSN=762, PrevOffset=-1, DocLen=7
Heap.Write: Offset=27394, CreateLSN=764, PrevOffset=-1, DocLen=7
Heap.Write: Offset=27430, CreateLSN=765, PrevOffset=-1, DocLen=7
Heap.Write: Offset=27466, CreateLSN=766, PrevOffset=-1, DocLen=7
Heap.Write: Offset=27502, CreateLSN=767, PrevOffset=-1, DocLen=6
Heap.Write: Offset=27537, CreateLSN=768, PrevOffset=-1, DocLen=7
Heap.Write: Offset=27573, CreateLSN=769, PrevOffset=-1, DocLen=7
Heap.Write: Offset=27609, CreateLSN=770, PrevOffset=-1, DocLen=7
Heap.Write: Offset=27645, CreateLSN=771, PrevOffset=-1, DocLen=7
Heap.Write: Offset=27681, CreateLSN=772, PrevOffset=-1, DocLen=7
Heap.Write: Offset=27717, CreateLSN=777, PrevOffset=-1, DocLen=6
Heap.Write: Offset=27752, CreateLSN=773, PrevOffset=-1, DocLen=7
Heap.Write: Offset=27788, CreateLSN=774, PrevOffset=-1, DocLen=7
Heap.Write: Offset=27824, CreateLSN=775, PrevOffset=-1, DocLen=7
Heap.Write: Offset=27860, CreateLSN=776, PrevOffset=-1, DocLen=7
Heap.Write: Offset=27896, CreateLSN=778, PrevOffset=-1, DocLen=7
Heap.Write: Offset=27932, CreateLSN=781, PrevOffset=-1, DocLen=7
Heap.Write: Offset=27968, CreateLSN=782, PrevOffset=-1, DocLen=7
Heap.Write: Offset=28004, CreateLSN=783, PrevOffset=-1, DocLen=6
Heap.Write: Offset=28039, CreateLSN=779, PrevOffset=-1, DocLen=7
Heap.Write: Offset=28075, CreateLSN=780, PrevOffset=-1, DocLen=7
Heap.Write: Offset=28111, CreateLSN=784, PrevOffset=-1, DocLen=7
Heap.Write: Offset=28147, CreateLSN=785, PrevOffset=-1, DocLen=7
Heap.Write: Offset=28183, CreateLSN=786, PrevOffset=-1, DocLen=7
Heap.Write: Offset=28219, CreateLSN=787, PrevOffset=-1, DocLen=7
Heap.Write: Offset=28255, CreateLSN=788, PrevOffset=-1, DocLen=6
Heap.Write: Offset=28290, CreateLSN=794, PrevOffset=-1, DocLen=7
Heap.Write: Offset=28326, CreateLSN=795, PrevOffset=-1, DocLen=7
Heap.Write: Offset=28362, CreateLSN=789, PrevOffset=-1, DocLen=7
Heap.Write: Offset=28398, CreateLSN=790, PrevOffset=-1, DocLen=7
Heap.Write: Offset=28434, CreateLSN=791, PrevOffset=-1, DocLen=7
Heap.Write: Offset=28470, CreateLSN=792, PrevOffset=-1, DocLen=7
Heap.Write: Offset=28506, CreateLSN=793, PrevOffset=-1, DocLen=7
Heap.Write: Offset=28542, CreateLSN=796, PrevOffset=-1, DocLen=7
Heap.Write: Offset=28578, CreateLSN=797, PrevOffset=-1, DocLen=7
Heap.Write: Offset=28614, CreateLSN=798, PrevOffset=-1, DocLen=7
Heap.Write: Offset=28650, CreateLSN=804, PrevOffset=-1, DocLen=7
Heap.Write: Offset=28686, CreateLSN=806, PrevOffset=-1, DocLen=7
Heap.Write: Offset=28722, CreateLSN=799, PrevOffset=-1, DocLen=7
Heap.Write: Offset=28758, CreateLSN=800, PrevOffset=-1, DocLen=6
Heap.Write: Offset=28793, CreateLSN=801, PrevOffset=-1, DocLen=7
Heap.Write: Offset=28829, CreateLSN=802, PrevOffset=-1, DocLen=7
Heap.Write: Offset=28865, CreateLSN=803, PrevOffset=-1, DocLen=7
Heap.Write: Offset=28901, CreateLSN=805, PrevOffset=-1, DocLen=7
Heap.Write: Offset=28937, CreateLSN=807, PrevOffset=-1, DocLen=7
Heap.Write: Offset=28973, CreateLSN=808, PrevOffset=-1, DocLen=7
Heap.Write: Offset=29009, CreateLSN=809, PrevOffset=-1, DocLen=7
Heap.Write: Offset=29045, CreateLSN=813, PrevOffset=-1, DocLen=7
Heap.Write: Offset=29081, CreateLSN=810, PrevOffset=-1, DocLen=7
Heap.Write: Offset=29117, CreateLSN=815, PrevOffset=-1, DocLen=7
Heap.Write: Offset=29153, CreateLSN=811, PrevOffset=-1, DocLen=7
Heap.Write: Offset=29189, CreateLSN=812, PrevOffset=-1, DocLen=6
Heap.Write: Offset=29224, CreateLSN=814, PrevOffset=-1, DocLen=7
Heap.Write: Offset=29260, CreateLSN=816, PrevOffset=-1, DocLen=7
Heap.Write: Offset=29296, CreateLSN=817, PrevOffset=-1, DocLen=7
Heap.Write: Offset=29332, CreateLSN=818, PrevOffset=-1, DocLen=7
Heap.Write: Offset=29368, CreateLSN=819, PrevOffset=-1, DocLen=7
Heap.Write: Offset=29404, CreateLSN=820, PrevOffset=-1, DocLen=7
Heap.Write: Offset=29440, CreateLSN=821, PrevOffset=-1, DocLen=7
Heap.Write: Offset=29476, CreateLSN=822, PrevOffset=-1, DocLen=7
Heap.Write: Offset=29512, CreateLSN=826, PrevOffset=-1, DocLen=7
Heap.Write: Offset=29548, CreateLSN=823, PrevOffset=-1, DocLen=7
Heap.Write: Offset=29584, CreateLSN=824, PrevOffset=-1, DocLen=6
Heap.Write: Offset=29619, CreateLSN=825, PrevOffset=-1, DocLen=7
Heap.Write: Offset=29655, CreateLSN=827, PrevOffset=-1, DocLen=7
Heap.Write: Offset=29691, CreateLSN=828, PrevOffset=-1, DocLen=7
Heap.Write: Offset=29727, CreateLSN=829, PrevOffset=-1, DocLen=7
Heap.Write: Offset=29763, CreateLSN=830, PrevOffset=-1, DocLen=7
Heap.Write: Offset=29799, CreateLSN=831, PrevOffset=-1, DocLen=7
Heap.Write: Offset=29835, CreateLSN=832, PrevOffset=-1, DocLen=7
Heap.Write: Offset=29871, CreateLSN=833, PrevOffset=-1, DocLen=7
Heap.Write: Offset=29907, CreateLSN=837, PrevOffset=-1, DocLen=7
Heap.Write: Offset=29943, CreateLSN=834, PrevOffset=-1, DocLen=7
Heap.Write: Offset=29979, CreateLSN=835, PrevOffset=-1, DocLen=6
Heap.Write: Offset=30014, CreateLSN=836, PrevOffset=-1, DocLen=7
Heap.Write: Offset=30050, CreateLSN=838, PrevOffset=-1, DocLen=7
Heap.Write: Offset=30086, CreateLSN=839, PrevOffset=-1, DocLen=7
Heap.Write: Offset=30122, CreateLSN=840, PrevOffset=-1, DocLen=7
Heap.Write: Offset=30158, CreateLSN=841, PrevOffset=-1, DocLen=7
Heap.Write: Offset=30194, CreateLSN=842, PrevOffset=-1, DocLen=7
Heap.Write: Offset=30230, CreateLSN=843, PrevOffset=-1, DocLen=7
Heap.Write: Offset=30266, CreateLSN=847, PrevOffset=-1, DocLen=7
Heap.Write: Offset=30302, CreateLSN=844, PrevOffset=-1, DocLen=7
Heap.Write: Offset=30338, CreateLSN=845, PrevOffset=-1, DocLen=7
Heap.Write: Offset=30374, CreateLSN=846, PrevOffset=-1, DocLen=6
Heap.Write: Offset=30409, CreateLSN=848, PrevOffset=-1, DocLen=7
Heap.Write: Offset=30445, CreateLSN=849, PrevOffset=-1, DocLen=7
Heap.Write: Offset=30481, CreateLSN=850, PrevOffset=-1, DocLen=7
Heap.Write: Offset=30517, CreateLSN=851, PrevOffset=-1, DocLen=7
Heap.Write: Offset=30553, CreateLSN=852, PrevOffset=-1, DocLen=7
Heap.Write: Offset=30589, CreateLSN=853, PrevOffset=-1, DocLen=7
Heap.Write: Offset=30625, CreateLSN=854, PrevOffset=-1, DocLen=7
Heap.Write: Offset=30661, CreateLSN=855, PrevOffset=-1, DocLen=7
Heap.Write: Offset=30697, CreateLSN=856, PrevOffset=-1, DocLen=7
Heap.Write: Offset=30733, CreateLSN=857, PrevOffset=-1, DocLen=6
Heap.Write: Offset=30768, CreateLSN=858, PrevOffset=-1, DocLen=7
Heap.Write: Offset=30804, CreateLSN=859, PrevOffset=-1, DocLen=7
Heap.Write: Offset=30840, CreateLSN=860, PrevOffset=-1, DocLen=7
Heap.Write: Offset=30876, CreateLSN=861, PrevOffset=-1, DocLen=7
Heap.Write: Offset=30912, CreateLSN=862, PrevOffset=-1, DocLen=7
Heap.Write: Offset=30948, CreateLSN=863, PrevOffset=-1, DocLen=7
Heap.Write: Offset=30984, CreateLSN=864, PrevOffset=-1, DocLen=7
Heap.Write: Offset=31020, CreateLSN=865, PrevOffset=-1, DocLen=7
Heap.Write: Offset=31056, CreateLSN=866, PrevOffset=-1, DocLen=7
Heap.Write: Offset=31092, CreateLSN=867, PrevOffset=-1, DocLen=6
Heap.Write: Offset=31127, CreateLSN=868, PrevOffset=-1, DocLen=7
Heap.Write: Offset=31163, CreateLSN=869, PrevOffset=-1, DocLen=7
Heap.Write: Offset=31199, CreateLSN=870, PrevOffset=-1, DocLen=7
Heap.Write: Offset=31235, CreateLSN=871, PrevOffset=-1, DocLen=7
Heap.Write: Offset=31271, CreateLSN=872, PrevOffset=-1, DocLen=7
Heap.Write: Offset=31307, CreateLSN=873, PrevOffset=-1, DocLen=7
Heap.Write: Offset=31343, CreateLSN=874, PrevOffset=-1, DocLen=7
Heap.Write: Offset=31379, CreateLSN=875, PrevOffset=-1, DocLen=7
Heap.Write: Offset=31415, CreateLSN=876, PrevOffset=-1, DocLen=7
Heap.Write: Offset=31451, CreateLSN=877, PrevOffset=-1, DocLen=6
Heap.Write: Offset=31486, CreateLSN=878, PrevOffset=-1, DocLen=7
Heap.Write: Offset=31522, CreateLSN=879, PrevOffset=-1, DocLen=7
Heap.Write: Offset=31558, CreateLSN=880, PrevOffset=-1, DocLen=7
Heap.Write: Offset=31594, CreateLSN=881, PrevOffset=-1, DocLen=7
Heap.Write: Offset=31630, CreateLSN=884, PrevOffset=-1, DocLen=7
Heap.Write: Offset=31666, CreateLSN=882, PrevOffset=-1, DocLen=7
Heap.Write: Offset=31702, CreateLSN=883, PrevOffset=-1, DocLen=7
Heap.Write: Offset=31738, CreateLSN=885, PrevOffset=-1, DocLen=7
Heap.Write: Offset=31774, CreateLSN=886, PrevOffset=-1, DocLen=7
Heap.Write: Offset=31810, CreateLSN=887, PrevOffset=-1, DocLen=6
Heap.Write: Offset=31845, CreateLSN=888, PrevOffset=-1, DocLen=7
Heap.Write: Offset=31881, CreateLSN=889, PrevOffset=-1, DocLen=7
Heap.Write: Offset=31917, CreateLSN=890, PrevOffset=-1, DocLen=7
Heap.Write: Offset=31953, CreateLSN=891, PrevOffset=-1, DocLen=7
Heap.Write: Offset=31989, CreateLSN=892, PrevOffset=-1, DocLen=7
Heap.Write: Offset=32025, CreateLSN=893, PrevOffset=-1, DocLen=7
Heap.Write: Offset=32061, CreateLSN=894, PrevOffset=-1, DocLen=7
Heap.Write: Offset=32097, CreateLSN=895, PrevOffset=-1, DocLen=7
Heap.Write: Offset=32133, CreateLSN=896, PrevOffset=-1, DocLen=7
Heap.Write: Offset=32169, CreateLSN=897, PrevOffset=-1, DocLen=6
Heap.Write: Offset=32204, CreateLSN=898, PrevOffset=-1, DocLen=7
Heap.Write: Offset=32240, CreateLSN=899, PrevOffset=-1, DocLen=7
Heap.Write: Offset=32276, CreateLSN=900, PrevOffset=-1, DocLen=7
Heap.Write: Offset=32312, CreateLSN=904, PrevOffset=-1, DocLen=7
Heap.Write: Offset=32348, CreateLSN=905, PrevOffset=-1, DocLen=7
Heap.Write: Offset=32384, CreateLSN=901, PrevOffset=-1, DocLen=7
Heap.Write: Offset=32420, CreateLSN=902, PrevOffset=-1, DocLen=7
Heap.Write: Offset=32456, CreateLSN=903, PrevOffset=-1, DocLen=7
Heap.Write: Offset=32492, CreateLSN=906, PrevOffset=-1, DocLen=7
Heap.Write: Offset=32528, CreateLSN=907, PrevOffset=-1, DocLen=6
Heap.Write: Offset=32563, CreateLSN=908, PrevOffset=-1, DocLen=7
Heap.Write: Offset=32599, CreateLSN=909, PrevOffset=-1, DocLen=7
Heap.Write: Offset=32635, CreateLSN=910, PrevOffset=-1, DocLen=7
Heap.Write: Offset=32671, CreateLSN=911, PrevOffset=-1, DocLen=7
Heap.Write: Offset=32707, CreateLSN=912, PrevOffset=-1, DocLen=7
Heap.Write: Offset=32743, CreateLSN=913, PrevOffset=-1, DocLen=7
Heap.Write: Offset=32779, CreateLSN=914, PrevOffset=-1, DocLen=7
Heap.Write: Offset=32815, CreateLSN=919, PrevOffset=-1, DocLen=7
Heap.Write: Offset=32851, CreateLSN=915, PrevOffset=-1, DocLen=7
Heap.Write: Offset=32887, CreateLSN=916, PrevOffset=-1, DocLen=7
Heap.Write: Offset=32923, CreateLSN=917, PrevOffset=-1, DocLen=6
Heap.Write: Offset=32958, CreateLSN=918, PrevOffset=-1, DocLen=7
Heap.Write: Offset=32994, CreateLSN=920, PrevOffset=-1, DocLen=7
Heap.Write: Offset=33030, CreateLSN=921, PrevOffset=-1, DocLen=7
Heap.Write: Offset=33066, CreateLSN=922, PrevOffset=-1, DocLen=7
Heap.Write: Offset=33102, CreateLSN=923, PrevOffset=-1, DocLen=7
Heap.Write: Offset=33138, CreateLSN=924, PrevOffset=-1, DocLen=7
Heap.Write: Offset=33174, CreateLSN=925, PrevOffset=-1, DocLen=7
Heap.Write: Offset=33210, CreateLSN=926, PrevOffset=-1, DocLen=7
Heap.Write: Offset=33246, CreateLSN=927, PrevOffset=-1, DocLen=7
Heap.Write: Offset=33282, CreateLSN=928, PrevOffset=-1, DocLen=6
Heap.Write: Offset=33317, CreateLSN=929, PrevOffset=-1, DocLen=7
Heap.Write: Offset=33353, CreateLSN=930, PrevOffset=-1, DocLen=7
Heap.Write: Offset=33389, CreateLSN=934, PrevOffset=-1, DocLen=7
Heap.Write: Offset=33425, CreateLSN=931, PrevOffset=-1, DocLen=7
Heap.Write: Offset=33461, CreateLSN=936, PrevOffset=-1, DocLen=7
Heap.Write: Offset=33497, CreateLSN=932, PrevOffset=-1, DocLen=7
Heap.Write: Offset=33533, CreateLSN=933, PrevOffset=-1, DocLen=7
Heap.Write: Offset=33569, CreateLSN=935, PrevOffset=-1, DocLen=7
Heap.Write: Offset=33605, CreateLSN=937, PrevOffset=-1, DocLen=7
Heap.Write: Offset=33641, CreateLSN=938, PrevOffset=-1, DocLen=6
Heap.Write: Offset=33676, CreateLSN=939, PrevOffset=-1, DocLen=7
Heap.Write: Offset=33712, CreateLSN=940, PrevOffset=-1, DocLen=7
Heap.Write: Offset=33748, CreateLSN=941, PrevOffset=-1, DocLen=7
Heap.Write: Offset=33784, CreateLSN=942, PrevOffset=-1, DocLen=7
Heap.Write: Offset=33820, CreateLSN=943, PrevOffset=-1, DocLen=7
Heap.Write: Offset=33856, CreateLSN=944, PrevOffset=-1, DocLen=7
Heap.Write: Offset=33892, CreateLSN=945, PrevOffset=-1, DocLen=7
Heap.Write: Offset=33928, CreateLSN=949, PrevOffset=-1, DocLen=7
Heap.Write: Offset=33964, CreateLSN=946, PrevOffset=-1, DocLen=7
Heap.Write: Offset=34000, CreateLSN=947, PrevOffset=-1, DocLen=7
Heap.Write: Offset=34036, CreateLSN=948, PrevOffset=-1, DocLen=6
Heap.Write: Offset=34071, CreateLSN=950, PrevOffset=-1, DocLen=7
Heap.Write: Offset=34107, CreateLSN=954, PrevOffset=-1, DocLen=7
Heap.Write: Offset=34143, CreateLSN=951, PrevOffset=-1, DocLen=7
Heap.Write: Offset=34179, CreateLSN=952, PrevOffset=-1, DocLen=7
Heap.Write: Offset=34215, CreateLSN=953, PrevOffset=-1, DocLen=7
Heap.Write: Offset=34251, CreateLSN=955, PrevOffset=-1, DocLen=7
Heap.Write: Offset=34287, CreateLSN=956, PrevOffset=-1, DocLen=7
Heap.Write: Offset=34323, CreateLSN=957, PrevOffset=-1, DocLen=7
Heap.Write: Offset=34359, CreateLSN=958, PrevOffset=-1, DocLen=7
Heap.Write: Offset=34395, CreateLSN=959, PrevOffset=-1, DocLen=6
Heap.Write: Offset=34430, CreateLSN=960, PrevOffset=-1, DocLen=7
Heap.Write: Offset=34466, CreateLSN=961, PrevOffset=-1, DocLen=7
Heap.Write: Offset=34502, CreateLSN=962, PrevOffset=-1, DocLen=7
Heap.Write: Offset=34538, CreateLSN=963, PrevOffset=-1, DocLen=7
Heap.Write: Offset=34574, CreateLSN=964, PrevOffset=-1, DocLen=7
Heap.Write: Offset=34610, CreateLSN=965, PrevOffset=-1, DocLen=7
Heap.Write: Offset=34646, CreateLSN=966, PrevOffset=-1, DocLen=7
Heap.Write: Offset=34682, CreateLSN=967, PrevOffset=-1, DocLen=7
Heap.Write: Offset=34718, CreateLSN=968, PrevOffset=-1, DocLen=7
Heap.Write: Offset=34754, CreateLSN=969, PrevOffset=-1, DocLen=6
Heap.Write: Offset=34789, CreateLSN=970, PrevOffset=-1, DocLen=7
Heap.Write: Offset=34825, CreateLSN=974, PrevOffset=-1, DocLen=7
Heap.Write: Offset=34861, CreateLSN=971, PrevOffset=-1, DocLen=7
Heap.Write: Offset=34897, CreateLSN=976, PrevOffset=-1, DocLen=7
Heap.Write: Offset=34933, CreateLSN=972, PrevOffset=-1, DocLen=7
Heap.Write: Offset=34969, CreateLSN=973, PrevOffset=-1, DocLen=7
Heap.Write: Offset=35005, CreateLSN=975, PrevOffset=-1, DocLen=7
Heap.Write: Offset=35041, CreateLSN=977, PrevOffset=-1, DocLen=7
Heap.Write: Offset=35077, CreateLSN=978, PrevOffset=-1, DocLen=7
Heap.Write: Offset=35113, CreateLSN=979, PrevOffset=-1, DocLen=6
Heap.Write: Offset=35148, CreateLSN=980, PrevOffset=-1, DocLen=7
Heap.Write: Offset=35184, CreateLSN=981, PrevOffset=-1, DocLen=7
Heap.Write: Offset=35220, CreateLSN=982, PrevOffset=-1, DocLen=7
Heap.Write: Offset=35256, CreateLSN=983, PrevOffset=-1, DocLen=7
Heap.Write: Offset=35292, CreateLSN=984, PrevOffset=-1, DocLen=7
Heap.Write: Offset=35328, CreateLSN=985, PrevOffset=-1, DocLen=7
Heap.Write: Offset=35364, CreateLSN=986, PrevOffset=-1, DocLen=7
Heap.Write: Offset=35400, CreateLSN=987, PrevOffset=-1, DocLen=7
Heap.Write: Offset=35436, CreateLSN=988, PrevOffset=-1, DocLen=7
Heap.Write: Offset=35472, CreateLSN=992, PrevOffset=-1, DocLen=7
Heap.Write: Offset=35508, CreateLSN=989, PrevOffset=-1, DocLen=7
Heap.Write: Offset=35544, CreateLSN=990, PrevOffset=-1, DocLen=7
Heap.Write: Offset=35580, CreateLSN=995, PrevOffset=-1, DocLen=7
Heap.Write: Offset=35616, CreateLSN=991, PrevOffset=-1, DocLen=7
Heap.Write: Offset=35652, CreateLSN=993, PrevOffset=-1, DocLen=7
Heap.Write: Offset=35688, CreateLSN=994, PrevOffset=-1, DocLen=7
Heap.Write: Offset=35724, CreateLSN=996, PrevOffset=-1, DocLen=7
Heap.Write: Offset=35760, CreateLSN=997, PrevOffset=-1, DocLen=7
Heap.Write: Offset=35796, CreateLSN=998, PrevOffset=-1, DocLen=7
Heap.Write: Offset=35832, CreateLSN=999, PrevOffset=-1, DocLen=7
Heap.Write: Offset=35868, CreateLSN=1000, PrevOffset=-1, DocLen=7
Recovered table 'concurrent_table' index 'id' from Checkpoint (LSN 595)
Heap.Write: Offset=35904, CreateLSN=596, PrevOffset=-1, DocLen=7
Heap.Write: Offset=35940, CreateLSN=597, PrevOffset=-1, DocLen=6
Heap.Write: Offset=35975, CreateLSN=598, PrevOffset=-1, DocLen=7
Heap.Write: Offset=36011, CreateLSN=599, PrevOffset=-1, DocLen=7
Heap.Write: Offset=36047, CreateLSN=600, PrevOffset=-1, DocLen=7
Heap.Write: Offset=36083, CreateLSN=601, PrevOffset=-1, DocLen=7
Heap.Write: Offset=36119, CreateLSN=602, PrevOffset=-1, DocLen=7
Heap.Write: Offset=36155, CreateLSN=603, PrevOffset=-1, DocLen=7
Heap.Write: Offset=36191, CreateLSN=604, PrevOffset=-1, DocLen=7
Heap.Write: Offset=36227, CreateLSN=605, PrevOffset=-1, DocLen=7
Heap.Write: Offset=36263, CreateLSN=606, PrevOffset=-1, DocLen=7
Heap.Write: Offset=36299, CreateLSN=607, PrevOffset=-1, DocLen=6
Heap.Write: Offset=36334, CreateLSN=608, PrevOffset=-1, DocLen=7
Heap.Write: Offset=36370, CreateLSN=609, PrevOffset=-1, DocLen=7
Heap.Write: Offset=36406, CreateLSN=610, PrevOffset=-1, DocLen=7
Heap.Write: Offset=36442, CreateLSN=611, PrevOffset=-1, DocLen=7
Heap.Write: Offset=36478, CreateLSN=612, PrevOffset=-1, DocLen=7
Heap.Write: Offset=36514, CreateLSN=613, PrevOffset=-1, DocLen=7
Heap.Write: Offset=36550, CreateLSN=614, PrevOffset=-1, DocLen=7
Heap.Write: Offset=36586, CreateLSN=615, PrevOffset=-1, DocLen=7
Heap.Write: Offset=36622, CreateLSN=616, PrevOffset=-1, DocLen=7
Heap.Write: Offset=36658, CreateLSN=617, PrevOffset=-1, DocLen=6
Heap.Write: Offset=36693, CreateLSN=618, PrevOffset=-1, DocLen=7
Heap.Write: Offset=36729, CreateLSN=619, PrevOffset=-1, DocLen=7
Heap.Write: Offset=36765, CreateLSN=620, PrevOffset=-1, DocLen=7
Heap.Write: Offset=36801, CreateLSN=621, PrevOffset=-1, DocLen=7
Heap.Write: Offset=36837, CreateLSN=622, PrevOffset=-1, DocLen=7
Heap.Write: Offset=36873, CreateLSN=623, PrevOffset=-1, DocLen=7
Heap.Write: Offset=36909, CreateLSN=624, PrevOffset=-1, DocLen=7
Heap.Write: Offset=36945, CreateLSN=625, PrevOffset=-1, DocLen=7
Heap.Write: Offset=36981, CreateLSN=626, PrevOffset=-1, DocLen=7
Heap.Write: Offset=37017, CreateLSN=627, PrevOffset=-1, DocLen=6
Heap.Write: Offset=37052, CreateLSN=628, PrevOffset=-1, DocLen=7
Heap.Write: Offset=37088, CreateLSN=629, PrevOffset=-1, DocLen=7
Heap.Write: Offset=37124, CreateLSN=630, PrevOffset=-1, DocLen=7
Heap.Write: Offset=37160, CreateLSN=631, PrevOffset=-1, DocLen=7
Heap.Write: Offset=37196, CreateLSN=632, PrevOffset=-1, DocLen=7
Heap.Write: Offset=37232, CreateLSN=633, PrevOffset=-1, DocLen=7
Heap.Write: Offset=37268, CreateLSN=634, PrevOffset=-1, DocLen=7
Heap.Write: Offset=37304, CreateLSN=635, PrevOffset=-1, DocLen=7
Heap.Write: Offset=37340, CreateLSN=636, PrevOffset=-1, DocLen=7
Heap.Write: Offset=37376, CreateLSN=637, PrevOffset=-1, DocLen=7
Heap.Write: Offset=37412, CreateLSN=638, PrevOffset=-1, DocLen=7
Heap.Write: Offset=37448, CreateLSN=639, PrevOffset=-1, DocLen=7
Heap.Write: Offset=37484, CreateLSN=640, PrevOffset=-1, DocLen=7
Heap.Write: Offset=37520, CreateLSN=641, PrevOffset=-1, DocLen=6
Heap.Write: Offset=37555, CreateLSN=642, PrevOffset=-1, DocLen=7
Heap.Write: Offset=37591, CreateLSN=643, PrevOffset=-1, DocLen=7
Heap.Write: Offset=37627, CreateLSN=644, PrevOffset=-1, DocLen=7
Heap.Write: Offset=37663, CreateLSN=645, PrevOffset=-1, DocLen=7
Heap.Write: Offset=37699, CreateLSN=646, PrevOffset=-1, DocLen=7
Heap.Write: Offset=37735, CreateLSN=647, PrevOffset=-1, DocLen=7
Heap.Write: Offset=37771, CreateLSN=648, PrevOffset=-1, DocLen=7
Heap.Write: Offset=37807, CreateLSN=649, PrevOffset=-1, DocLen=6
Heap.Write: Offset=37842, CreateLSN=650, PrevOffset=-1, DocLen=7
Heap.Write: Offset=37878, CreateLSN=651, PrevOffset=-1, DocLen=7
Heap.Write: Offset=37914, CreateLSN=652, PrevOffset=-1, DocLen=7
Heap.Write: Offset=37950, CreateLSN=653, PrevOffset=-1, DocLen=7
Heap.Write: Offset=37986, CreateLSN=654, PrevOffset=-1, DocLen=7
Heap.Write: Offset=38022, CreateLSN=655, PrevOffset=-1, DocLen=7
Heap.Write: Offset=38058, CreateLSN=656, PrevOffset=-1, DocLen=6
Heap.Write: Offset=38093, CreateLSN=657, PrevOffset=-1, DocLen=7
Heap.Write: Offset=38129, CreateLSN=658, PrevOffset=-1, DocLen=7
Heap.Write: Offset=38165, CreateLSN=659, PrevOffset=-1, DocLen=7
Heap.Write: Offset=38201, CreateLSN=660, PrevOffset=-1, DocLen=7
Heap.Write: Offset=38237, CreateLSN=661, PrevOffset=-1, DocLen=7
Heap.Write: Offset=38273, CreateLSN=662, PrevOffset=-1, DocLen=7
Heap.Write: Offset=38309, CreateLSN=663, PrevOffset=-1, DocLen=7
Heap.Write: Offset=38345, CreateLSN=664, PrevOffset=-1, DocLen=7
Heap.Write: Offset=38381, CreateLSN=665, PrevOffset=-1, DocLen=7
Heap.Write: Offset=38417, CreateLSN=666, PrevOffset=-1, DocLen=7
Heap.Write: Offset=38453, CreateLSN=667, PrevOffset=-1, DocLen=7
Heap.Write: Offset=38489, CreateLSN=668, PrevOffset=-1, DocLen=6
Heap.Write: Offset=38524, CreateLSN=669, PrevOffset=-1, DocLen=7
Heap.Write: Offset=38560, CreateLSN=670, PrevOffset=-1, DocLen=7
Heap.Write: Offset=38596, CreateLSN=671, PrevOffset=-1, DocLen=7
Heap.Write: Offset=38632, CreateLSN=672, PrevOffset=-1, DocLen=7
Heap.Write: Offset=38668, CreateLSN=673, PrevOffset=-1, DocLen=7
Heap.Write: Offset=38704, CreateLSN=674, PrevOffset=-1, DocLen=7
Heap.Write: Offset=38740, CreateLSN=675, PrevOffset=-1, DocLen=7
Heap.Write: Offset=38776, CreateLSN=676, PrevOffset=-1, DocLen=7
Heap.Write: Offset=38812, CreateLSN=677, PrevOffset=-1, DocLen=7
Heap.Write: Offset=38848, CreateLSN=678, PrevOffset=-1, DocLen=7
Heap.Write: Offset=38884, CreateLSN=679, PrevOffset=-1, DocLen=6
Heap.Write: Offset=38919, CreateLSN=680, PrevOffset=-1, DocLen=7
Heap.Write: Offset=38955, CreateLSN=681, PrevOffset=-1, DocLen=7
Heap.Write: Offset=38991, CreateLSN=682, PrevOffset=-1, DocLen=7
Heap.Write: Offset=39027, CreateLSN=683, PrevOffset=-1, DocLen=7
Heap.Write: Offset=39063, CreateLSN=684, PrevOffset=-1, DocLen=7
Heap.Write: Offset=39099, CreateLSN=685, PrevOffset=-1, DocLen=7
Heap.Write: Offset=39135, CreateLSN=686, PrevOffset=-1, DocLen=6
Heap.Write: Offset=39170, CreateLSN=687, PrevOffset=-1, DocLen=7
Heap.Write: Offset=39206, CreateLSN=688, PrevOffset=-1, DocLen=7
Heap.Write: Offset=39242, CreateLSN=689, PrevOffset=-1, DocLen=7
Heap.Write: Offset=39278, CreateLSN=690, PrevOffset=-1, DocLen=7
Heap.Write: Offset=39314, CreateLSN=691, PrevOffset=-1, DocLen=7
Heap.Write: Offset=39350, CreateLSN=692, PrevOffset=-1, DocLen=7
Heap.Write: Offset=39386, CreateLSN=693, PrevOffset=-1, DocLen=7
Heap.Write: Offset=39422, CreateLSN=694, PrevOffset=-1, DocLen=7
Heap.Write: Offset=39458, CreateLSN=695, PrevOffset=-1, DocLen=7
Heap.Write: Offset=39494, CreateLSN=696, PrevOffset=-1, DocLen=7
Heap.Write: Offset=39530, CreateLSN=697, PrevOffset=-1, DocLen=6
Heap.Write: Offset=39565, CreateLSN=698, PrevOffset=-1, DocLen=7
Heap.Write: Offset=39601, CreateLSN=699, PrevOffset=-1, DocLen=7
Heap.Write: Offset=39637, CreateLSN=700, PrevOffset=-1, DocLen=7
Heap.Write: Offset=39673, CreateLSN=701, PrevOffset=-1, DocLen=7
Heap.Write: Offset=39709, CreateLSN=702, PrevOffset=-1, DocLen=7
Heap.Write: Offset=39745, CreateLSN=703, PrevOffset=-1, DocLen=7
Heap.Write: Offset=39781, CreateLSN=704, PrevOffset=-1, DocLen=7
Heap.Write: Offset=39817, CreateLSN=705, PrevOffset=-1, DocLen=7
Heap.Write: Offset=39853, CreateLSN=706, PrevOffset=-1, DocLen=7
Heap.Write: Offset=39889, CreateLSN=707, PrevOffset=-1, DocLen=6
Heap.Write: Offset=39924, CreateLSN=708, PrevOffset=-1, DocLen=7
Heap.Write: Offset=39960, CreateLSN=709, PrevOffset=-1, DocLen=7
Heap.Write: Offset=39996, CreateLSN=710, PrevOffset=-1, DocLen=7
Heap.Write: Offset=40032, CreateLSN=711, PrevOffset=-1, DocLen=7
Heap.Write: Offset=40068, CreateLSN=712, PrevOffset=-1, DocLen=7
Heap.Write: Offset=40104, CreateLSN=713, PrevOffset=-1, DocLen=7
Heap.Write: Offset=40140, CreateLSN=714, PrevOffset=-1, DocLen=7
Heap.Write: Offset=40176, CreateLSN=715, PrevOffset=-1, DocLen=7
Heap.Write: Offset=40212, CreateLSN=716, PrevOffset=-1, DocLen=7
Heap.Write: Offset=40248, CreateLSN=717, PrevOffset=-1, DocLen=6
Heap.Write: Offset=40283, CreateLSN=718, PrevOffset=-1, DocLen=7
Heap.Write: Offset=40319, CreateLSN=719, PrevOffset=-1, DocLen=7
Heap.Write: Offset=40355, CreateLSN=720, PrevOffset=-1, DocLen=7
Heap.Write: Offset=40391, CreateLSN=721, PrevOffset=-1, DocLen=7
Heap.Write: Offset=40427, CreateLSN=722, PrevOffset=-1, DocLen=7
Heap.Write: Offset=40463, CreateLSN=723, PrevOffset=-1, DocLen=7
Heap.Write: Offset=40499, CreateLSN=724, PrevOffset=-1, DocLen=7
Heap.Write: Offset=40535, CreateLSN=725, PrevOffset=-1, DocLen=7
Heap.Write: Offset=40571, CreateLSN=726, PrevOffset=-1, DocLen=7
Heap.Write: Offset=40607, CreateLSN=727, PrevOffset=-1, DocLen=6
Heap.Write: Offset=40642, CreateLSN=728, PrevOffset=-1, DocLen=7
Heap.Write: Offset=40678, CreateLSN=729, PrevOffset=-1, DocLen=7
Heap.Write: Offset=40714, CreateLSN=730, PrevOffset=-1, DocLen=7
Heap.Write: Offset=40750, CreateLSN=731, PrevOffset=-1, DocLen=7
Heap.Write: Offset=40786, CreateLSN=732, PrevOffset=-1, DocLen=7
Heap.Write: Offset=40822, CreateLSN=733, PrevOffset=-1, DocLen=7
Heap.Write: Offset=40858, CreateLSN=734, PrevOffset=-1, DocLen=7
Heap.Write: Offset=40894, CreateLSN=735, PrevOffset=-1, DocLen=7
Heap.Write: Offset=40930, CreateLSN=736, PrevOffset=-1, DocLen=7
Heap.Write: Offset=40966, CreateLSN=737, PrevOffset=-1, DocLen=6
Heap.Write: Offset=41001, CreateLSN=738, PrevOffset=-1, DocLen=7
Heap.Write: Offset=41037, CreateLSN=739, PrevOffset=-1, DocLen=7
Heap.Write: Offset=41073, CreateLSN=740, PrevOffset=-1, DocLen=7
Heap.Write: Offset=41109, CreateLSN=741, PrevOffset=-1, DocLen=7
Heap.Write: Offset=41145, CreateLSN=742, PrevOffset=-1, DocLen=7
Heap.Write: Offset=41181, CreateLSN=743, PrevOffset=-1, DocLen=7
Heap.Write: Offset=41217, CreateLSN=744, PrevOffset=-1, DocLen=7
Heap.Write: Offset=41253, CreateLSN=745, PrevOffset=-1, DocLen=7
Heap.Write: Offset=41289, CreateLSN=746, PrevOffset=-1, DocLen=7
Heap.Write: Offset=41325, CreateLSN=747, PrevOffset=-1, DocLen=6
Heap.Write: Offset=41360, CreateLSN=748, PrevOffset=-1, DocLen=7
Heap.Write: Offset=41396, CreateLSN=749, PrevOffset=-1, DocLen=7
Heap.Write: Offset=41432, CreateLSN=750, PrevOffset=-1, DocLen=7
Heap.Write: Offset=41468, CreateLSN=751, PrevOffset=-1, DocLen=7
Heap.Write: Offset=41504, CreateLSN=752, PrevOffset=-1, DocLen=7
Heap.Write: Offset=41540, CreateLSN=753, PrevOffset=-1, DocLen=7
Heap.Write: Offset=41576, CreateLSN=754, PrevOffset=-1, DocLen=7
Heap.Write: Offset=41612, CreateLSN=755, PrevOffset=-1, DocLen=7
Heap.Write: Offset=41648, CreateLSN=756, PrevOffset=-1, DocLen=7
Heap.Write: Offset=41684, CreateLSN=757, PrevOffset=-1, DocLen=6
Heap.Write: Offset=41719, CreateLSN=758, PrevOffset=-1, DocLen=7
Heap.Write: Offset=41755, CreateLSN=759, PrevOffset=-1, DocLen=7
Heap.Write: Offset=41791, CreateLSN=760, PrevOffset=-1, DocLen=7
Heap.Write: Offset=41827, CreateLSN=761, PrevOffset=-1, DocLen=7
Heap.Write: Offset=41863, CreateLSN=762, PrevOffset=-1, DocLen=7
Heap.Write: Offset=41899, CreateLSN=763, PrevOffset=-1, DocLen=7
Heap.Write: Offset=41935, CreateLSN=764, PrevOffset=-1, DocLen=7
Heap.Write: Offset=41971, CreateLSN=765, PrevOffset=-1, DocLen=7
Heap.Write: Offset=42007, CreateLSN=766, PrevOffset=-1, DocLen=7
Heap.Write: Offset=42043, CreateLSN=767, PrevOffset=-1, DocLen=6
Heap.Write: Offset=42078, CreateLSN=768, PrevOffset=-1, DocLen=7
Heap.Write: Offset=42114, CreateLSN=769, PrevOffset=-1, DocLen=7
Heap.Write: Offset=42150, CreateLSN=770, PrevOffset=-1, DocLen=7
Heap.Write: Offset=42186, CreateLSN=771, PrevOffset=-1, DocLen=7
Heap.Write: Offset=42222, CreateLSN=772, PrevOffset=-1, DocLen=7
Heap.Write: Offset=42258, CreateLSN=773, PrevOffset=-1, DocLen=7
Heap.Write: Offset=42294, CreateLSN=774, PrevOffset=-1, DocLen=7
Heap.Write: Offset=42330, CreateLSN=775, PrevOffset=-1, DocLen=7
Heap.Write: Offset=42366, CreateLSN=776, PrevOffset=-1, DocLen=7
Heap.Write: Offset=42402, CreateLSN=777, PrevOffset=-1, DocLen=6
Heap.Write: Offset=42437, CreateLSN=778, PrevOffset=-1, DocLen=7
Heap.Write: Offset=42473, CreateLSN=779, PrevOffset=-1, DocLen=7
Heap.Write: Offset=42509, CreateLSN=780, PrevOffset=-1, DocLen=7
Heap.Write: Offset=42545, CreateLSN=781, PrevOffset=-1, DocLen=7
Heap.Write: Offset=42581, CreateLSN=782, PrevOffset=-1, DocLen=7
Heap.Write: Offset=42617, CreateLSN=783, PrevOffset=-1, DocLen=6
Heap.Write: Offset=42652, CreateLSN=784, PrevOffset=-1, DocLen=7
Heap.Write: Offset=42688, CreateLSN=785, PrevOffset=-1, DocLen=7
Heap.Write: Offset=42724, CreateLSN=786, PrevOffset=-1, DocLen=7
Heap.Write: Offset=42760, CreateLSN=787, PrevOffset=-1, DocLen=7
Heap.Write: Offset=42796, CreateLSN=788, PrevOffset=-1, DocLen=6
Heap.Write: Offset=42831, CreateLSN=789, PrevOffset=-1, DocLen=7
Heap.Write: Offset=42867, CreateLSN=790, PrevOffset=-1, DocLen=7
Heap.Write: Offset=42903, CreateLSN=791, PrevOffset=-1, DocLen=7
Heap.Write: Offset=42939, CreateLSN=792, PrevOffset=-1, DocLen=7
Heap.Write: Offset=42975, CreateLSN=793, PrevOffset=-1, DocLen=7
Heap.Write: Offset=43011, CreateLSN=794, PrevOffset=-1, DocLen=7
Heap.Write: Offset=43047, CreateLSN=795, PrevOffset=-1, DocLen=7
Heap.Write: Offset=43083, CreateLSN=796, PrevOffset=-1, DocLen=7
Heap.Write: Offset=43119, CreateLSN=797, PrevOffset=-1, DocLen=7
Heap.Write: Offset=43155, CreateLSN=798, PrevOffset=-1, DocLen=7
Heap.Write: Offset=43191, CreateLSN=799, PrevOffset=-1, DocLen=7
Heap.Write: Offset=43227, CreateLSN=800, PrevOffset=-1, DocLen=6
Heap.Write: Offset=43262, CreateLSN=801, PrevOffset=-1, DocLen=7
Heap.Write: Offset=43298, CreateLSN=802, PrevOffset=-1, DocLen=7
Heap.Write: Offset=43334, CreateLSN=803, PrevOffset=-1, DocLen=7
Heap.Write: Offset=43370, CreateLSN=804, PrevOffset=-1, DocLen=7
Heap.Write: Offset=43406, CreateLSN=805, PrevOffset=-1, DocLen=7
Heap.Write: Offset=43442, CreateLSN=806, PrevOffset=-1, DocLen=7
Heap.Write: Offset=43478, CreateLSN=807, PrevOffset=-1, DocLen=7
Heap.Write: Offset=43514, CreateLSN=808, PrevOffset=-1, DocLen=7
Heap.Write: Offset=43550, CreateLSN=809, PrevOffset=-1, DocLen=7
Heap.Write: Offset=43586, CreateLSN=810, PrevOffset=-1, DocLen=7
Heap.Write: Offset=43622, CreateLSN=811, PrevOffset=-1, DocLen=7
Heap.Write: Offset=43658, CreateLSN=812, PrevOffset=-1, DocLen=6
Heap.Write: Offset=43693, CreateLSN=813, PrevOffset=-1, DocLen=7
Heap.Write: Offset=43729, CreateLSN=814, PrevOffset=-1, DocLen=7
Heap.Write: Offset=43765, CreateLSN=815, PrevOffset=-1, DocLen=7
Heap.Write: Offset=43801, CreateLSN=816, PrevOffset=-1, DocLen=7
Heap.Write: Offset=43837, CreateLSN=817, PrevOffset=-1, DocLen=7
Heap.Write: Offset=43873, CreateLSN=818, PrevOffset=-1, DocLen=7
Heap.Write: Offset=43909, CreateLSN=819, PrevOffset=-1, DocLen=7
Heap.Write: Offset=43945, CreateLSN=820, PrevOffset=-1, DocLen=7
Heap.Write: Offset=43981, CreateLSN=821, PrevOffset=-1, DocLen=7
Heap.Write: Offset=44017, CreateLSN=822, PrevOffset=-1, DocLen=7
Heap.Write: Offset=44053, CreateLSN=823, PrevOffset=-1, DocLen=7
Heap.Write: Offset=44089, CreateLSN=824, PrevOffset=-1, DocLen=6
Heap.Write: Offset=44124, CreateLSN=825, PrevOffset=-1, DocLen=7
Heap.Write: Offset=44160, CreateLSN=826, PrevOffset=-1, DocLen=7
Heap.Write: Offset=44196, CreateLSN=827, PrevOffset=-1, DocLen=7
Heap.Write: Offset=44232, CreateLSN=828, PrevOffset=-1, DocLen=7
Heap.Write: Offset=44268, CreateLSN=829, PrevOffset=-1, DocLen=7
Heap.Write: Offset=44304, CreateLSN=830, PrevOffset=-1, DocLen=7
Heap.Write: Offset=44340, CreateLSN=831, PrevOffset=-1, DocLen=7
Heap.Write: Offset=44376, CreateLSN=832, PrevOffset=-1, DocLen=7
Heap.Write: Offset=44412, CreateLSN=833, PrevOffset=-1, DocLen=7
Heap.Write: Offset=44448, CreateLSN=834, PrevOffset=-1, DocLen=7
Heap.Write: Offset=44484, CreateLSN=835, PrevOffset=-1, DocLen=6
Heap.Write: Offset=44519, CreateLSN=836, PrevOffset=-1, DocLen=7
Heap.Write: Offset=44555, CreateLSN=837, PrevOffset=-1, DocLen=7
Heap.Write: Offset=44591, CreateLSN=838, PrevOffset=-1, DocLen=7
Heap.Write: Offset=44627, CreateLSN=839, PrevOffset=-1, DocLen=7
Heap.Write: Offset=44663, CreateLSN=840, PrevOffset=-1, DocLen=7
Heap.Write: Offset=44699, CreateLSN=841, PrevOffset=-1, DocLen=7
Heap.Write: Offset=44735, CreateLSN=842, PrevOffset=-1, DocLen=7
Heap.Write: Offset=44771, CreateLSN=843, PrevOffset=-1, DocLen=7
Heap.Write: Offset=44807, CreateLSN=844, PrevOffset=-1, DocLen=7
Heap.Write: Offset=44843, CreateLSN=845, PrevOffset=-1, DocLen=7
Heap.Write: Offset=44879, CreateLSN=846, PrevOffset=-1, DocLen=6
Heap.Write: Offset=44914, CreateLSN=847, PrevOffset=-1, DocLen=7
Heap.Write: Offset=44950, CreateLSN=848, PrevOffset=-1, DocLen=7
Heap.Write: Offset=44986, CreateLSN=849, PrevOffset=-1, DocLen=7
Heap.Write: Offset=45022, CreateLSN=850, PrevOffset=-1, DocLen=7
Heap.Write: Offset=45058, CreateLSN=851, PrevOffset=-1, DocLen=7
Heap.Write: Offset=45094, CreateLSN=852, PrevOffset=-1, DocLen=7
Heap.Write: Offset=45130, CreateLSN=853, PrevOffset=-1, DocLen=7
Heap.Write: Offset=45166, CreateLSN=854, PrevOffset=-1, DocLen=7
Heap.Write: Offset=45202, CreateLSN=855, PrevOffset=-1, DocLen=7
Heap.Write: Offset=45238, CreateLSN=856, PrevOffset=-1, DocLen=7
Heap.Write: Offset=45274, CreateLSN=857, PrevOffset=-1, DocLen=6
Heap.Write: Offset=45309, CreateLSN=858, PrevOffset=-1, DocLen=7
Heap.Write: Offset=45345, CreateLSN=859, PrevOffset=-1, DocLen=7
Heap.Write: Offset=45381, CreateLSN=860, PrevOffset=-1, DocLen=7
Heap.Write: Offset=45417, CreateLSN=861, PrevOffset=-1, DocLen=7
Heap.Write: Offset=45453, CreateLSN=862, PrevOffset=-1, DocLen=7
Heap.Write: Offset=45489, CreateLSN=863, PrevOffset=-1, DocLen=7
Heap.Write: Offset=45525, CreateLSN=864, PrevOffset=-1, DocLen=7
Heap.Write: Offset=45561, CreateLSN=865, PrevOffset=-1, DocLen=7
Heap.Write: Offset=45597, CreateLSN=866, PrevOffset=-1, DocLen=7
Heap.Write: Offset=45633, CreateLSN=867, PrevOffset=-1, DocLen=6
Heap.Write: Offset=45668, CreateLSN=868, PrevOffset=-1, DocLen=7
Heap.Write: Offset=45704, CreateLSN=869, PrevOffset=-1, DocLen=7
Heap.Write: Offset=45740, CreateLSN=870, PrevOffset=-1, DocLen=7
Heap.Write: Offset=45776, CreateLSN=871, PrevOffset=-1, DocLen=7
Heap.Write: Offset=45812, CreateLSN=872, PrevOffset=-1, DocLen=7
Heap.Write: Offset=45848, CreateLSN=873, PrevOffset=-1, DocLen=7
Heap.Write: Offset=45884, CreateLSN=874, PrevOffset=-1, DocLen=7
Heap.Write: Offset=45920, CreateLSN=875, PrevOffset=-1, DocLen=7
Heap.Write: Offset=45956, CreateLSN=876, PrevOffset=-1, DocLen=7
Heap.Write: Offset=45992, CreateLSN=877, PrevOffset=-1, DocLen=6
Heap.Write: Offset=46027, CreateLSN=878, PrevOffset=-1, DocLen=7
Heap.Write: Offset=46063, CreateLSN=879, PrevOffset=-1, DocLen=7
Heap.Write: Offset=46099, CreateLSN=880, PrevOffset=-1, DocLen=7
Heap.Write: Offset=46135, CreateLSN=881, PrevOffset=-1, DocLen=7
Heap.Write: Offset=46171, CreateLSN=882, PrevOffset=-1, DocLen=7
Heap.Write: Offset=46207, CreateLSN=883, PrevOffset=-1, DocLen=7
Heap.Write: Offset=46243, CreateLSN=884, PrevOffset=-1, DocLen=7
Heap.Write: Offset=46279, CreateLSN=885, PrevOffset=-1, DocLen=7
Heap.Write: Offset=46315, CreateLSN=886, PrevOffset=-1, DocLen=7
Heap.Write: Offset=46351, CreateLSN=887, PrevOffset=-1, DocLen=6
Heap.Write: Offset=46386, CreateLSN=888, PrevOffset=-1, DocLen=7
Heap.Write: Offset=46422, CreateLSN=889, PrevOffset=-1, DocLen=7
Heap.Write: Offset=46458, CreateLSN=890, PrevOffset=-1, DocLen=7
Heap.Write: Offset=46494, CreateLSN=891, PrevOffset=-1, DocLen=7
Heap.Write: Offset=46530, CreateLSN=892, PrevOffset=-1, DocLen=7
Heap.Write: Offset=46566, CreateLSN=893, PrevOffset=-1, DocLen=7
Heap.Write: Offset=46602, CreateLSN=894, PrevOffset=-1, DocLen=7
Heap.Write: Offset=46638, CreateLSN=895, PrevOffset=-1, DocLen=7
Heap.Write: Offset=46674, CreateLSN=896, PrevOffset=-1, DocLen=7
Heap.Write: Offset=46710, CreateLSN=897, PrevOffset=-1, DocLen=6
Heap.Write: Offset=46745, CreateLSN=898, PrevOffset=-1, DocLen=7
Heap.Write: Offset=46781, CreateLSN=899, PrevOffset=-1, DocLen=7
Heap.Write: Offset=46817, CreateLSN=900, PrevOffset=-1, DocLen=7
Heap.Write: Offset=46853, CreateLSN=901, PrevOffset=-1, DocLen=7
Heap.Write: Offset=46889, CreateLSN=902, PrevOffset=-1, DocLen=7
Heap.Write: Offset=46925, CreateLSN=903, PrevOffset=-1, DocLen=7
Heap.Write: Offset=46961, CreateLSN=904, PrevOffset=-1, DocLen=7
Heap.Write: Offset=46997, CreateLSN=905, PrevOffset=-1, DocLen=7
Heap.Write: Offset=47033, CreateLSN=906, PrevOffset=-1, DocLen=7
Heap.Write: Offset=47069, CreateLSN=907, PrevOffset=-1, DocLen=6
Heap.Write: Offset=47104, CreateLSN=908, PrevOffset=-1, DocLen=7
Heap.Write: Offset=47140, CreateLSN=909, PrevOffset=-1, DocLen=7
Heap.Write: Offset=47176, CreateLSN=910, PrevOffset=-1, DocLen=7
Heap.Write: Offset=47212, CreateLSN=911, PrevOffset=-1, DocLen=7
Heap.Write: Offset=47248, CreateLSN=912, PrevOffset=-1, DocLen=7
Heap.Write: Offset=47284, CreateLSN=913, PrevOffset=-1, DocLen=7
Heap.Write: Offset=47320, CreateLSN=914, PrevOffset=-1, DocLen=7
Heap.Write: Offset=47356, CreateLSN=915, PrevOffset=-1, DocLen=7
Heap.Write: Offset=47392, CreateLSN=916, PrevOffset=-1, DocLen=7
Heap.Write: Offset=47428, CreateLSN=917, PrevOffset=-1, DocLen=6
Heap.Write: Offset=47463, CreateLSN=918, PrevOffset=-1, DocLen=7
Heap.Write: Offset=47499, CreateLSN=919, PrevOffset=-1, DocLen=7
Heap.Write: Offset=47535, CreateLSN=920, PrevOffset=-1, DocLen=7
Heap.Write: Offset=47571, CreateLSN=921, PrevOffset=-1, DocLen=7
Heap.Write: Offset=47607, CreateLSN=922, PrevOffset=-1, DocLen=7
Heap.Write: Offset=47643, CreateLSN=923, PrevOffset=-1, DocLen=7
Heap.Write: Offset=47679, CreateLSN=924, PrevOffset=-1, DocLen=7
Heap.Write: Offset=47715, CreateLSN=925, PrevOffset=-1, DocLen=7
Heap.Write: Offset=47751, CreateLSN=926, PrevOffset=-1, DocLen=7
Heap.Write: Offset=47787, CreateLSN=927, PrevOffset=-1, DocLen=7
Heap.Write: Offset=47823, CreateLSN=928, PrevOffset=-1, DocLen=6
Heap.Write: Offset=47858, CreateLSN=929, PrevOffset=-1, DocLen=7
Heap.Write: Offset=47894, CreateLSN=930, PrevOffset=-1, DocLen=7
Heap.Write: Offset=47930, CreateLSN=931, PrevOffset=-1, DocLen=7
Heap.Write: Offset=47966, CreateLSN=932, PrevOffset=-1, DocLen=7
Heap.Write: Offset=48002, CreateLSN=933, PrevOffset=-1, DocLen=7
Heap.Write: Offset=48038, CreateLSN=934, PrevOffset=-1, DocLen=7
Heap.Write: Offset=48074, CreateLSN=935, PrevOffset=-1, DocLen=7
Heap.Write: Offset=48110, CreateLSN=936, PrevOffset=-1, DocLen=7
Heap.Write: Offset=48146, CreateLSN=937, PrevOffset=-1, DocLen=7
Heap.Write: Offset=48182, CreateLSN=938, PrevOffset=-1, DocLen=6
Heap.Write: Offset=48217, CreateLSN=939, PrevOffset=-1, DocLen=7
Heap.Write: Offset=48253, CreateLSN=940, PrevOffset=-1, DocLen=7
Heap.Write: Offset=48289, CreateLSN=941, PrevOffset=-1, DocLen=7
Heap.Write: Offset=48325, CreateLSN=942, PrevOffset=-1, DocLen=7
Heap.Write: Offset=48361, CreateLSN=943, PrevOffset=-1, DocLen=7
Heap.Write: Offset=48397, CreateLSN=944, PrevOffset=-1, DocLen=7
Heap.Write: Offset=48433, CreateLSN=945, PrevOffset=-1, DocLen=7
Heap.Write: Offset=48469, CreateLSN=946, PrevOffset=-1, DocLen=7
Heap.Write: Offset=48505, CreateLSN=947, PrevOffset=-1, DocLen=7
Heap.Write: Offset=48541, CreateLSN=948, PrevOffset=-1, DocLen=6
Heap.Write: Offset=48576, CreateLSN=949, PrevOffset=-1, DocLen=7
Heap.Write: Offset=48612, CreateLSN=950, PrevOffset=-1, DocLen=7
Heap.Write: Offset=48648, CreateLSN=951, PrevOffset=-1, DocLen=7
Heap.Write: Offset=48684, CreateLSN=952, PrevOffset=-1, DocLen=7
Heap.Write: Offset=48720, CreateLSN=953, PrevOffset=-1, DocLen=7
Heap.Write: Offset=48756, CreateLSN=954, PrevOffset=-1, DocLen=7
Heap.Write: Offset=48792, CreateLSN=955, PrevOffset=-1, DocLen=7
Heap.Write: Offset=48828, CreateLSN=956, PrevOffset=-1, DocLen=7
Heap.Write: Offset=48864, CreateLSN=957, PrevOffset=-1, DocLen=7
Heap.Write: Offset=48900, CreateLSN=958, PrevOffset=-1, DocLen=7
Heap.Write: Offset=48936, CreateLSN=959, PrevOffset=-1, DocLen=6
Heap.Write: Offset=48971, CreateLSN=960, PrevOffset=-1, DocLen=7
Heap.Write: Offset=49007, CreateLSN=961, PrevOffset=-1, DocLen=7
Heap.Write: Offset=49043, CreateLSN=962, PrevOffset=-1, DocLen=7
Heap.Write: Offset=49079, CreateLSN=963, PrevOffset=-1, DocLen=7
Heap.Write: Offset=49115, CreateLSN=964, PrevOffset=-1, DocLen=7
Heap.Write: Offset=49151, CreateLSN=965, PrevOffset=-1, DocLen=7
Heap.Write: Offset=49187, CreateLSN=966, PrevOffset=-1, DocLen=7
Heap.Write: Offset=49223, CreateLSN=967, PrevOffset=-1, DocLen=7
Heap.Write: Offset=49259, CreateLSN=968, PrevOffset=-1, DocLen=7
Heap.Write: Offset=49295, CreateLSN=969, PrevOffset=-1, DocLen=6
Heap.Write: Offset=49330, CreateLSN=970, PrevOffset=-1, DocLen=7
Heap.Write: Offset=49366, CreateLSN=971, PrevOffset=-1, DocLen=7
Heap.Write: Offset=49402, CreateLSN=972, PrevOffset=-1, DocLen=7
Heap.Write: Offset=49438, CreateLSN=973, PrevOffset=-1, DocLen=7
Heap.Write: Offset=49474, CreateLSN=974, PrevOffset=-1, DocLen=7
Heap.Write: Offset=49510, CreateLSN=975, PrevOffset=-1, DocLen=7
Heap.Write: Offset=49546, CreateLSN=976, PrevOffset=-1, DocLen=7
Heap.Write: Offset=49582, CreateLSN=977, PrevOffset=-1, DocLen=7
Heap.Write: Offset=49618, CreateLSN=978, PrevOffset=-1, DocLen=7
Heap.Write: Offset=49654, CreateLSN=979, PrevOffset=-1, DocLen=6
Heap.Write: Offset=49689, CreateLSN=980, PrevOffset=-1, DocLen=7
Heap.Write: Offset=49725, CreateLSN=981, PrevOffset=-1, DocLen=7
Heap.Write: Offset=49761, CreateLSN=982, PrevOffset=-1, DocLen=7
Heap.Write: Offset=49797, CreateLSN=983, PrevOffset=-1, DocLen=7
Heap.Write: Offset=49833, CreateLSN=984, PrevOffset=-1, DocLen=7
Heap.Write: Offset=49869, CreateLSN=985, PrevOffset=-1, DocLen=7
Heap.Write: Offset=49905, CreateLSN=986, PrevOffset=-1, DocLen=7
Heap.Write: Offset=49941, CreateLSN=987, PrevOffset=-1, DocLen=7
Heap.Write: Offset=49977, CreateLSN=988, PrevOffset=-1, DocLen=7
Heap.Write: Offset=50013, CreateLSN=989, PrevOffset=-1, DocLen=7
Heap.Write: Offset=50049, CreateLSN=990, PrevOffset=-1, DocLen=7
Heap.Write: Offset=50085, CreateLSN=991, PrevOffset=-1, DocLen=7
Heap.Write: Offset=50121, CreateLSN=992, PrevOffset=-1, DocLen=7
Heap.Write: Offset=50157, CreateLSN=993, PrevOffset=-1, DocLen=7
Heap.Write: Offset=50193, CreateLSN=994, PrevOffset=-1, DocLen=7
Heap.Write: Offset=50229, CreateLSN=995, PrevOffset=-1, DocLen=7
Heap.Write: Offset=50265, CreateLSN=996, PrevOffset=-1, DocLen=7
Heap.Write: Offset=50301, CreateLSN=997, PrevOffset=-1, DocLen=7
Heap.Write: Offset=50337, CreateLSN=998, PrevOffset=-1, DocLen=7
Heap.Write: Offset=50373, CreateLSN=999, PrevOffset=-1, DocLen=7
Heap.Write: Offset=50409, CreateLSN=1000, PrevOffset=-1, DocLen=7
Recovered: 405 entries from WAL applied, 595 skipped (already in checkpoint). Current LSN: 1000
--- PASS: TestConcurrency_CheckpointUnderLoad (0.16s)
=== RUN   TestConcurrency_PerTableLocking
Heap.Write: Offset=14, CreateLSN=2, PrevOffset=-1, DocLen=30
Heap.Write: Offset=73, CreateLSN=1, PrevOffset=-1, DocLen=32
Heap.Write: Offset=134, CreateLSN=3, PrevOffset=-1, DocLen=30
Heap.Write: Offset=193, CreateLSN=4, PrevOffset=-1, DocLen=32
Heap.Write: Offset=254, CreateLSN=5, PrevOffset=-1, DocLen=30
Heap.Write: Offset=313, CreateLSN=6, PrevOffset=-1, DocLen=32
Heap.Write: Offset=374, CreateLSN=7, PrevOffset=-1, DocLen=30
Heap.Write: Offset=433, CreateLSN=8, PrevOffset=-1, DocLen=32
Heap.Write: Offset=494, CreateLSN=9, PrevOffset=-1, DocLen=32
Heap.Write: Offset=555, CreateLSN=10, PrevOffset=-1, DocLen=30
Heap.Write: Offset=614, CreateLSN=11, PrevOffset=-1, DocLen=32
Heap.Write: Offset=675, CreateLSN=12, PrevOffset=-1, DocLen=30
Heap.Write: Offset=734, CreateLSN=13, PrevOffset=-1, DocLen=32
Heap.Write: Offset=795, CreateLSN=14, PrevOffset=-1, DocLen=30
Heap.Write: Offset=854, CreateLSN=15, PrevOffset=-1, DocLen=30
Heap.Write: Offset=913, CreateLSN=16, PrevOffset=-1, DocLen=32
Heap.Write: Offset=974, CreateLSN=17, PrevOffset=-1, DocLen=32
Heap.Write: Offset=1035, CreateLSN=18, PrevOffset=-1, DocLen=30
Heap.Write: Offset=1094, CreateLSN=19, PrevOffset=-1, DocLen=32
Heap.Write: Offset=1155, CreateLSN=20, PrevOffset=-1, DocLen=30
Heap.Write: Offset=1214, CreateLSN=21, PrevOffset=-1, DocLen=31
Heap.Write: Offset=1274, CreateLSN=22, PrevOffset=-1, DocLen=33
Heap.Write: Offset=1336, CreateLSN=23, PrevOffset=-1, DocLen=31
Heap.Write: Offset=1396, CreateLSN=24, PrevOffset=-1, DocLen=33
Heap.Write: Offset=1458, CreateLSN=25, PrevOffset=-1, DocLen=33
Heap.Write: Offset=1520, CreateLSN=26, PrevOffset=-1, DocLen=31
Heap.Write: Offset=1580, CreateLSN=27, PrevOffset=-1, DocLen=33
Heap.Write: Offset=1642, CreateLSN=28, PrevOffset=-1, DocLen=31
Heap.Write: Offset=1702, CreateLSN=29, PrevOffset=-1, DocLen=33
Heap.Write: Offset=1764, CreateLSN=30, PrevOffset=-1, DocLen=31
Heap.Write: Offset=1824, CreateLSN=31, PrevOffset=-1, DocLen=33
Heap.Write: Offset=1886, CreateLSN=32, PrevOffset=-1, DocLen=31
Heap.Write: Offset=1946, CreateLSN=33, PrevOffset=-1, DocLen=33
Heap.Write: Offset=2008, CreateLSN=34, PrevOffset=-1, DocLen=31
Heap.Write: Offset=2068, CreateLSN=35, PrevOffset=-1, DocLen=33
Heap.Write: Offset=2130, CreateLSN=36, PrevOffset=-1, DocLen=31
Heap.Write: Offset=2190, CreateLSN=37, PrevOffset=-1, DocLen=31
Heap.Write: Offset=2250, CreateLSN=38, PrevOffset=-1, DocLen=33
Heap.Write: Offset=2312, CreateLSN=39, PrevOffset=-1, DocLen=33
Heap.Write: Offset=2374, CreateLSN=40, PrevOffset=-1, DocLen=31
Heap.Write: Offset=2434, CreateLSN=41, PrevOffset=-1, DocLen=31
Heap.Write: Offset=2494, CreateLSN=42, PrevOffset=-1, DocLen=33
Heap.Write: Offset=2556, CreateLSN=43, PrevOffset=-1, DocLen=31
Heap.Write: Offset=2616, CreateLSN=44, PrevOffset=-1, DocLen=33
Heap.Write: Offset=2678, CreateLSN=45, PrevOffset=-1, DocLen=31
Heap.Write: Offset=2738, CreateLSN=46, PrevOffset=-1, DocLen=33
Heap.Write: Offset=2800, CreateLSN=47, PrevOffset=-1, DocLen=31
Heap.Write: Offset=2860, CreateLSN=48, PrevOffset=-1, DocLen=33
Heap.Write: Offset=2922, CreateLSN=49, PrevOffset=-1, DocLen=33
Heap.Write: Offset=2984, CreateLSN=50, PrevOffset=-1, DocLen=31
Heap.Write: Offset=3044, CreateLSN=51, PrevOffset=-1, DocLen=33
Heap.Write: Offset=3106, CreateLSN=52, PrevOffset=-1, DocLen=31
Heap.Write: Offset=3166, CreateLSN=53, PrevOffset=-1, DocLen=33
Heap.Write: Offset=3228, CreateLSN=54, PrevOffset=-1, DocLen=31
Heap.Write: Offset=3288, CreateLSN=55, PrevOffset=-1, DocLen=31
Heap.Write: Offset=3348, CreateLSN=56, PrevOffset=-1, DocLen=33
Heap.Write: Offset=3410, CreateLSN=57, PrevOffset=-1, DocLen=33
Heap.Write: Offset=3472, CreateLSN=58, PrevOffset=-1, DocLen=31
Heap.Write: Offset=3532, CreateLSN=59, PrevOffset=-1, DocLen=31
Heap.Write: Offset=3592, CreateLSN=60, PrevOffset=-1, DocLen=33
Heap.Write: Offset=3654, CreateLSN=61, PrevOffset=-1, DocLen=33
Heap.Write: Offset=3716, CreateLSN=62, PrevOffset=-1, DocLen=31
Heap.Write: Offset=3776, CreateLSN=63, PrevOffset=-1, DocLen=31
Heap.Write: Offset=3836, CreateLSN=64, PrevOffset=-1, DocLen=33
Heap.Write: Offset=3898, CreateLSN=65, PrevOffset=-1, DocLen=31
Heap.Write: Offset=3958, CreateLSN=66, PrevOffset=-1, DocLen=33
Heap.Write: Offset=4020, CreateLSN=67, PrevOffset=-1, DocLen=33
Heap.Write: Offset=4082, CreateLSN=68, PrevOffset=-1, DocLen=31
Heap.Write: Offset=4142, CreateLSN=69, PrevOffset=-1, DocLen=33
Heap.Write: Offset=4204, CreateLSN=70, PrevOffset=-1, DocLen=31
Heap.Write: Offset=4264, CreateLSN=71, PrevOffset=-1, DocLen=31
Heap.Write: Offset=4324, CreateLSN=72, PrevOffset=-1, DocLen=33
Heap.Write: Offset=4386, CreateLSN=73, PrevOffset=-1, DocLen=33
Heap.Write: Offset=4448, CreateLSN=74, PrevOffset=-1, DocLen=31
Heap.Write: Offset=4508, CreateLSN=75, PrevOffset=-1, DocLen=31
Heap.Write: Offset=4568, CreateLSN=76, PrevOffset=-1, DocLen=33
Heap.Write: Offset=4630, CreateLSN=77, PrevOffset=-1, DocLen=33
Heap.Write: Offset=4692, CreateLSN=78, PrevOffset=-1, DocLen=31
Heap.Write: Offset=4752, CreateLSN=79, PrevOffset=-1, DocLen=31
Heap.Write: Offset=4812, CreateLSN=80, PrevOffset=-1, DocLen=33
Heap.Write: Offset=4874, CreateLSN=81, PrevOffset=-1, DocLen=33
Heap.Write: Offset=4936, CreateLSN=82, PrevOffset=-1, DocLen=31
Heap.Write: Offset=4996, CreateLSN=83, PrevOffset=-1, DocLen=31
Heap.Write: Offset=5056, CreateLSN=84, PrevOffset=-1, DocLen=33
Heap.Write: Offset=5118, CreateLSN=85, PrevOffset=-1, DocLen=33
Heap.Write: Offset=5180, CreateLSN=86, PrevOffset=-1, DocLen=31
Heap.Write: Offset=5240, CreateLSN=87, PrevOffset=-1, DocLen=33
Heap.Write: Offset=5302, CreateLSN=88, PrevOffset=-1, DocLen=31
Heap.Write: Offset=5362, CreateLSN=89, PrevOffset=-1, DocLen=33
Heap.Write: Offset=5424, CreateLSN=90, PrevOffset=-1, DocLen=31
Heap.Write: Offset=5484, CreateLSN=91, PrevOffset=-1, DocLen=33
Heap.Write: Offset=5546, CreateLSN=92, PrevOffset=-1, DocLen=31
Heap.Write: Offset=5606, CreateLSN=93, PrevOffset=-1, DocLen=31
Heap.Write: Offset=5666, CreateLSN=94, PrevOffset=-1, DocLen=33
Heap.Write: Offset=5728, CreateLSN=95, PrevOffset=-1, DocLen=31
Heap.Write: Offset=5788, CreateLSN=96, PrevOffset=-1, DocLen=33
Heap.Write: Offset=5850, CreateLSN=97, PrevOffset=-1, DocLen=31
Heap.Write: Offset=5910, CreateLSN=98, PrevOffset=-1, DocLen=33
Heap.Write: Offset=5972, CreateLSN=99, PrevOffset=-1, DocLen=31
Heap.Write: Offset=6032, CreateLSN=100, PrevOffset=-1, DocLen=33
Heap.Write: Offset=6094, CreateLSN=101, PrevOffset=-1, DocLen=33
Heap.Write: Offset=6156, CreateLSN=102, PrevOffset=-1, DocLen=31
Heap.Write: Offset=6216, CreateLSN=103, PrevOffset=-1, DocLen=31
Heap.Write: Offset=6276, CreateLSN=104, PrevOffset=-1, DocLen=33
Heap.Write: Offset=6338, CreateLSN=105, PrevOffset=-1, DocLen=33
Heap.Write: Offset=6400, CreateLSN=106, PrevOffset=-1, DocLen=31
Heap.Write: Offset=6460, CreateLSN=107, PrevOffset=-1, DocLen=31
Heap.Write: Offset=6520, CreateLSN=108, PrevOffset=-1, DocLen=33
Heap.Write: Offset=6582, CreateLSN=109, PrevOffset=-1, DocLen=33
Heap.Write: Offset=6644, CreateLSN=110, PrevOffset=-1, DocLen=31
Heap.Write: Offset=6704, CreateLSN=111, PrevOffset=-1, DocLen=33
Heap.Write: Offset=6766, CreateLSN=112, PrevOffset=-1, DocLen=31
Heap.Write: Offset=6826, CreateLSN=113, PrevOffset=-1, DocLen=31
Heap.Write: Offset=6886, CreateLSN=114, PrevOffset=-1, DocLen=33
Heap.Write: Offset=6948, CreateLSN=115, PrevOffset=-1, DocLen=33
Heap.Write: Offset=7010, CreateLSN=116, PrevOffset=-1, DocLen=31
Heap.Write: Offset=7070, CreateLSN=117, PrevOffset=-1, DocLen=31
Heap.Write: Offset=7130, CreateLSN=118, PrevOffset=-1, DocLen=33
Heap.Write: Offset=7192, CreateLSN=119, PrevOffset=-1, DocLen=33
Heap.Write: Offset=7254, CreateLSN=120, PrevOffset=-1, DocLen=31
Heap.Write: Offset=7314, CreateLSN=121, PrevOffset=-1, DocLen=31
Heap.Write: Offset=7374, CreateLSN=122, PrevOffset=-1, DocLen=33
Heap.Write: Offset=7436, CreateLSN=123, PrevOffset=-1, DocLen=33
Heap.Write: Offset=7498, CreateLSN=124, PrevOffset=-1, DocLen=31
Heap.Write: Offset=7558, CreateLSN=125, PrevOffset=-1, DocLen=31
Heap.Write: Offset=7618, CreateLSN=126, PrevOffset=-1, DocLen=33
Heap.Write: Offset=7680, CreateLSN=127, PrevOffset=-1, DocLen=33
Heap.Write: Offset=7742, CreateLSN=128, PrevOffset=-1, DocLen=31
Heap.Write: Offset=7802, CreateLSN=129, PrevOffset=-1, DocLen=31
Heap.Write: Offset=7862, CreateLSN=130, PrevOffset=-1, DocLen=33
Heap.Write: Offset=7924, CreateLSN=131, PrevOffset=-1, DocLen=33
Heap.Write: Offset=7986, CreateLSN=132, PrevOffset=-1, DocLen=31
Heap.Write: Offset=8046, CreateLSN=133, PrevOffset=-1, DocLen=31
Heap.Write: Offset=8106, CreateLSN=134, PrevOffset=-1, DocLen=33
Heap.Write: Offset=8168, CreateLSN=135, PrevOffset=-1, DocLen=33
Heap.Write: Offset=8230, CreateLSN=136, PrevOffset=-1, DocLen=31
Heap.Write: Offset=8290, CreateLSN=137, PrevOffset=-1, DocLen=31
Heap.Write: Offset=8350, CreateLSN=138, PrevOffset=-1, DocLen=33
Heap.Write: Offset=8412, CreateLSN=139, PrevOffset=-1, DocLen=33
Heap.Write: Offset=8474, CreateLSN=140, PrevOffset=-1, DocLen=31
Heap.Write: Offset=8534, CreateLSN=141, PrevOffset=-1, DocLen=33
Heap.Write: Offset=8596, CreateLSN=142, PrevOffset=-1, DocLen=33
Heap.Write: Offset=8658, CreateLSN=143, PrevOffset=-1, DocLen=31
Heap.Write: Offset=8718, CreateLSN=144, PrevOffset=-1, DocLen=31
Heap.Write: Offset=8778, CreateLSN=145, PrevOffset=-1, DocLen=33
Heap.Write: Offset=8840, CreateLSN=146, PrevOffset=-1, DocLen=33
Heap.Write: Offset=8902, CreateLSN=147, PrevOffset=-1, DocLen=31
Heap.Write: Offset=8962, CreateLSN=148, PrevOffset=-1, DocLen=31
Heap.Write: Offset=9022, CreateLSN=149, PrevOffset=-1, DocLen=33
Heap.Write: Offset=9084, CreateLSN=150, PrevOffset=-1, DocLen=33
Heap.Write: Offset=9146, CreateLSN=151, PrevOffset=-1, DocLen=31
Heap.Write: Offset=9206, CreateLSN=152, PrevOffset=-1, DocLen=31
Heap.Write: Offset=9266, CreateLSN=153, PrevOffset=-1, DocLen=33
Heap.Write: Offset=9328, CreateLSN=154, PrevOffset=-1, DocLen=33
Heap.Write: Offset=9390, CreateLSN=155, PrevOffset=-1, DocLen=31
Heap.Write: Offset=9450, CreateLSN=156, PrevOffset=-1, DocLen=31
Heap.Write: Offset=9510, CreateLSN=157, PrevOffset=-1, DocLen=33
Heap.Write: Offset=9572, CreateLSN=158, PrevOffset=-1, DocLen=33
Heap.Write: Offset=9634, CreateLSN=159, PrevOffset=-1, DocLen=31
Heap.Write: Offset=9694, CreateLSN=160, PrevOffset=-1, DocLen=31
Heap.Write: Offset=9754, CreateLSN=161, PrevOffset=-1, DocLen=33
Heap.Write: Offset=9816, CreateLSN=162, PrevOffset=-1, DocLen=33
Heap.Write: Offset=9878, CreateLSN=163, PrevOffset=-1, DocLen=31
Heap.Write: Offset=9938, CreateLSN=164, PrevOffset=-1, DocLen=31
Heap.Write: Offset=9998, CreateLSN=165, PrevOffset=-1, DocLen=33
Heap.Write: Offset=10060, CreateLSN=166, PrevOffset=-1, DocLen=33
Heap.Write: Offset=10122, CreateLSN=167, PrevOffset=-1, DocLen=31
Heap.Write: Offset=10182, CreateLSN=168, PrevOffset=-1, DocLen=31
Heap.Write: Offset=10242, CreateLSN=169, PrevOffset=-1, DocLen=33
Heap.Write: Offset=10304, CreateLSN=170, PrevOffset=-1, DocLen=33
Heap.Write: Offset=10366, CreateLSN=171, PrevOffset=-1, DocLen=31
Heap.Write: Offset=10426, CreateLSN=172, PrevOffset=-1, DocLen=31
Heap.Write: Offset=10486, CreateLSN=173, PrevOffset=-1, DocLen=33
Heap.Write: Offset=10548, CreateLSN=174, PrevOffset=-1, DocLen=33
Heap.Write: Offset=10610, CreateLSN=175, PrevOffset=-1, DocLen=31
Heap.Write: Offset=10670, CreateLSN=176, PrevOffset=-1, DocLen=33
Heap.Write: Offset=10732, CreateLSN=177, PrevOffset=-1, DocLen=31
Heap.Write: Offset=10792, CreateLSN=178, PrevOffset=-1, DocLen=31
Heap.Write: Offset=10852, CreateLSN=179, PrevOffset=-1, DocLen=33
Heap.Write: Offset=10914, CreateLSN=180, PrevOffset=-1, DocLen=33
Heap.Write: Offset=10976, CreateLSN=181, PrevOffset=-1, DocLen=31
Heap.Write: Offset=11036, CreateLSN=182, PrevOffset=-1, DocLen=31
Heap.Write: Offset=11096, CreateLSN=183, PrevOffset=-1, DocLen=33
Heap.Write: Offset=11158, CreateLSN=184, PrevOffset=-1, DocLen=33
Heap.Write: Offset=11220, CreateLSN=185, PrevOffset=-1, DocLen=31
Heap.Write: Offset=11280, CreateLSN=186, PrevOffset=-1, DocLen=31
Heap.Write: Offset=11340, CreateLSN=187, PrevOffset=-1, DocLen=33
Heap.Write: Offset=11402, CreateLSN=188, PrevOffset=-1, DocLen=33
Heap.Write: Offset=11464, CreateLSN=189, PrevOffset=-1, DocLen=31
Heap.Write: Offset=11524, CreateLSN=190, PrevOffset=-1, DocLen=31
Heap.Write: Offset=11584, CreateLSN=191, PrevOffset=-1, DocLen=33
Heap.Write: Offset=11646, CreateLSN=192, PrevOffset=-1, DocLen=33
Heap.Write: Offset=11708, CreateLSN=193, PrevOffset=-1, DocLen=31
Heap.Write: Offset=11768, CreateLSN=194, PrevOffset=-1, DocLen=31
Heap.Write: Offset=11828, CreateLSN=195, PrevOffset=-1, DocLen=33
Heap.Write: Offset=11890, CreateLSN=196, PrevOffset=-1, DocLen=33
Heap.Write: Offset=11952, CreateLSN=197, PrevOffset=-1, DocLen=31
Heap.Write: Offset=12012, CreateLSN=198, PrevOffset=-1, DocLen=31
Heap.Write: Offset=12072, CreateLSN=199, PrevOffset=-1, DocLen=33
Heap.Write: Offset=12134, CreateLSN=200, PrevOffset=-1, DocLen=31
    concurrency_test.go:199: Per-table locking test completed in 119.622209ms
    concurrency_test.go:200: Successfully inserted 100 users and 100 orders concurrently
--- PASS: TestConcurrency_PerTableLocking (0.13s)
=== RUN   TestConcurrency_ReadWriteMix
Heap.Write: Offset=14, CreateLSN=1, PrevOffset=-1, DocLen=22
Heap.Write: Offset=65, CreateLSN=2, PrevOffset=-1, DocLen=22
Heap.Write: Offset=116, CreateLSN=3, PrevOffset=-1, DocLen=22
Heap.Write: Offset=167, CreateLSN=4, PrevOffset=-1, DocLen=22
Heap.Write: Offset=218, CreateLSN=5, PrevOffset=-1, DocLen=22
Heap.Write: Offset=269, CreateLSN=6, PrevOffset=-1, DocLen=22
Heap.Write: Offset=320, CreateLSN=7, PrevOffset=-1, DocLen=22
Heap.Write: Offset=371, CreateLSN=8, PrevOffset=-1, DocLen=22
Heap.Write: Offset=422, CreateLSN=9, PrevOffset=-1, DocLen=22
Heap.Write: Offset=473, CreateLSN=10, PrevOffset=-1, DocLen=22
Heap.Write: Offset=524, CreateLSN=11, PrevOffset=-1, DocLen=22
Heap.Write: Offset=575, CreateLSN=12, PrevOffset=-1, DocLen=22
Heap.Write: Offset=626, CreateLSN=13, PrevOffset=-1, DocLen=22
Heap.Write: Offset=677, CreateLSN=14, PrevOffset=-1, DocLen=22
Heap.Write: Offset=728, CreateLSN=15, PrevOffset=-1, DocLen=22
Heap.Write: Offset=779, CreateLSN=16, PrevOffset=-1, DocLen=22
Heap.Write: Offset=830, CreateLSN=17, PrevOffset=-1, DocLen=22
Heap.Write: Offset=881, CreateLSN=18, PrevOffset=-1, DocLen=22
Heap.Write: Offset=932, CreateLSN=19, PrevOffset=-1, DocLen=22
Heap.Write: Offset=983, CreateLSN=20, PrevOffset=-1, DocLen=22
Heap.Write: Offset=1034, CreateLSN=21, PrevOffset=-1, DocLen=22
Heap.Write: Offset=1085, CreateLSN=22, PrevOffset=-1, DocLen=22
Heap.Write: Offset=1136, CreateLSN=23, PrevOffset=-1, DocLen=22
Heap.Write: Offset=1187, CreateLSN=24, PrevOffset=-1, DocLen=22
Heap.Write: Offset=1238, CreateLSN=25, PrevOffset=-1, DocLen=22
Heap.Write: Offset=1289, CreateLSN=26, PrevOffset=-1, DocLen=22
Heap.Write: Offset=1340, CreateLSN=27, PrevOffset=-1, DocLen=22
Heap.Write: Offset=1391, CreateLSN=28, PrevOffset=-1, DocLen=22
Heap.Write: Offset=1442, CreateLSN=29, PrevOffset=-1, DocLen=22
Heap.Write: Offset=1493, CreateLSN=30, PrevOffset=-1, DocLen=22
Heap.Write: Offset=1544, CreateLSN=31, PrevOffset=-1, DocLen=22
Heap.Write: Offset=1595, CreateLSN=32, PrevOffset=-1, DocLen=22
Heap.Write: Offset=1646, CreateLSN=33, PrevOffset=-1, DocLen=22
Heap.Write: Offset=1697, CreateLSN=34, PrevOffset=-1, DocLen=22
Heap.Write: Offset=1748, CreateLSN=35, PrevOffset=-1, DocLen=22
Heap.Write: Offset=1799, CreateLSN=36, PrevOffset=-1, DocLen=22
Heap.Write: Offset=1850, CreateLSN=37, PrevOffset=-1, DocLen=22
Heap.Write: Offset=1901, CreateLSN=38, PrevOffset=-1, DocLen=22
Heap.Write: Offset=1952, CreateLSN=39, PrevOffset=-1, DocLen=22
Heap.Write: Offset=2003, CreateLSN=40, PrevOffset=-1, DocLen=22
Heap.Write: Offset=2054, CreateLSN=41, PrevOffset=-1, DocLen=22
Heap.Write: Offset=2105, CreateLSN=42, PrevOffset=-1, DocLen=22
Heap.Write: Offset=2156, CreateLSN=43, PrevOffset=-1, DocLen=22
Heap.Write: Offset=2207, CreateLSN=44, PrevOffset=-1, DocLen=22
Heap.Write: Offset=2258, CreateLSN=45, PrevOffset=-1, DocLen=22
Heap.Write: Offset=2309, CreateLSN=46, PrevOffset=-1, DocLen=22
Heap.Write: Offset=2360, CreateLSN=47, PrevOffset=-1, DocLen=22
Heap.Write: Offset=2411, CreateLSN=48, PrevOffset=-1, DocLen=22
Heap.Write: Offset=2462, CreateLSN=49, PrevOffset=-1, DocLen=22
Heap.Write: Offset=2513, CreateLSN=50, PrevOffset=-1, DocLen=22
Heap.Delete: Offset=14, DeleteLSN=51
Heap.Delete: Offset=65, DeleteLSN=52
Heap.Delete: Offset=116, DeleteLSN=54
Heap.Delete: Offset=167, DeleteLSN=55
Heap.Delete: Offset=218, DeleteLSN=56
Heap.Delete: Offset=269, DeleteLSN=57
Heap.Delete: Offset=320, DeleteLSN=58
Heap.Delete: Offset=371, DeleteLSN=59
Heap.Delete: Offset=422, DeleteLSN=60
Heap.Delete: Offset=473, DeleteLSN=61
Heap.Delete: Offset=524, DeleteLSN=62
Heap.Delete: Offset=575, DeleteLSN=63
Heap.Delete: Offset=626, DeleteLSN=64
Heap.Delete: Offset=677, DeleteLSN=65
Heap.Delete: Offset=728, DeleteLSN=66
Heap.Delete: Offset=779, DeleteLSN=67
Heap.Delete: Offset=830, DeleteLSN=68
Heap.Delete: Offset=881, DeleteLSN=69
Heap.Delete: Offset=932, DeleteLSN=70
Heap.Delete: Offset=983, DeleteLSN=71
Heap.Delete: Offset=1034, DeleteLSN=72
Heap.Delete: Offset=1085, DeleteLSN=73
Heap.Delete: Offset=1136, DeleteLSN=74
Heap.Delete: Offset=1187, DeleteLSN=75
Heap.Delete: Offset=1238, DeleteLSN=76
Heap.Write: Offset=2564, CreateLSN=53, PrevOffset=-1, DocLen=22
Heap.Write: Offset=2615, CreateLSN=77, PrevOffset=-1, DocLen=22
Heap.Write: Offset=2666, CreateLSN=78, PrevOffset=-1, DocLen=22
Heap.Write: Offset=2717, CreateLSN=79, PrevOffset=-1, DocLen=22
Heap.Write: Offset=2768, CreateLSN=80, PrevOffset=-1, DocLen=22
Heap.Write: Offset=2819, CreateLSN=81, PrevOffset=-1, DocLen=22
Heap.Write: Offset=2870, CreateLSN=82, PrevOffset=-1, DocLen=22
Heap.Write: Offset=2921, CreateLSN=83, PrevOffset=-1, DocLen=22
Heap.Write: Offset=2972, CreateLSN=84, PrevOffset=-1, DocLen=22
Heap.Write: Offset=3023, CreateLSN=85, PrevOffset=-1, DocLen=22
Heap.Write: Offset=3074, CreateLSN=86, PrevOffset=-1, DocLen=22
Heap.Write: Offset=3125, CreateLSN=87, PrevOffset=-1, DocLen=22
Heap.Write: Offset=3176, CreateLSN=88, PrevOffset=-1, DocLen=22
Heap.Write: Offset=3227, CreateLSN=89, PrevOffset=-1, DocLen=22
Heap.Write: Offset=3278, CreateLSN=90, PrevOffset=-1, DocLen=22
Heap.Write: Offset=3329, CreateLSN=91, PrevOffset=-1, DocLen=22
Heap.Write: Offset=3380, CreateLSN=92, PrevOffset=-1, DocLen=22
Heap.Write: Offset=3431, CreateLSN=93, PrevOffset=-1, DocLen=22
Heap.Write: Offset=3482, CreateLSN=94, PrevOffset=-1, DocLen=22
Heap.Write: Offset=3533, CreateLSN=95, PrevOffset=-1, DocLen=22
Heap.Write: Offset=3584, CreateLSN=96, PrevOffset=-1, DocLen=22
Heap.Write: Offset=3635, CreateLSN=97, PrevOffset=-1, DocLen=22
Heap.Write: Offset=3686, CreateLSN=98, PrevOffset=-1, DocLen=22
Heap.Write: Offset=3737, CreateLSN=99, PrevOffset=-1, DocLen=22
Heap.Write: Offset=3788, CreateLSN=100, PrevOffset=-1, DocLen=22
Heap.Write: Offset=3839, CreateLSN=101, PrevOffset=-1, DocLen=22
Heap.Write: Offset=3890, CreateLSN=102, PrevOffset=-1, DocLen=22
Heap.Write: Offset=3941, CreateLSN=103, PrevOffset=-1, DocLen=22
Heap.Write: Offset=3992, CreateLSN=104, PrevOffset=-1, DocLen=22
Heap.Write: Offset=4043, CreateLSN=105, PrevOffset=-1, DocLen=22
Heap.Write: Offset=4094, CreateLSN=106, PrevOffset=-1, DocLen=22
Heap.Write: Offset=4145, CreateLSN=107, PrevOffset=-1, DocLen=22
Heap.Write: Offset=4196, CreateLSN=108, PrevOffset=-1, DocLen=22
Heap.Write: Offset=4247, CreateLSN=109, PrevOffset=-1, DocLen=22
Heap.Write: Offset=4298, CreateLSN=110, PrevOffset=-1, DocLen=22
Heap.Write: Offset=4349, CreateLSN=111, PrevOffset=-1, DocLen=22
Heap.Write: Offset=4400, CreateLSN=112, PrevOffset=-1, DocLen=22
Heap.Write: Offset=4451, CreateLSN=113, PrevOffset=-1, DocLen=22
Heap.Write: Offset=4502, CreateLSN=114, PrevOffset=-1, DocLen=22
Heap.Write: Offset=4553, CreateLSN=115, PrevOffset=-1, DocLen=22
Heap.Write: Offset=4604, CreateLSN=116, PrevOffset=-1, DocLen=22
Heap.Write: Offset=4655, CreateLSN=117, PrevOffset=-1, DocLen=22
Heap.Write: Offset=4706, CreateLSN=118, PrevOffset=-1, DocLen=22
Heap.Write: Offset=4757, CreateLSN=119, PrevOffset=-1, DocLen=22
Heap.Write: Offset=4808, CreateLSN=120, PrevOffset=-1, DocLen=22
Heap.Write: Offset=4859, CreateLSN=121, PrevOffset=-1, DocLen=22
Heap.Write: Offset=4910, CreateLSN=122, PrevOffset=-1, DocLen=22
Heap.Write: Offset=4961, CreateLSN=123, PrevOffset=-1, DocLen=22
Heap.Write: Offset=5012, CreateLSN=124, PrevOffset=-1, DocLen=22
Heap.Write: Offset=5063, CreateLSN=125, PrevOffset=-1, DocLen=22
Heap.Write: Offset=5114, CreateLSN=126, PrevOffset=-1, DocLen=22
Heap.Write: Offset=5165, CreateLSN=127, PrevOffset=-1, DocLen=22
Heap.Write: Offset=5216, CreateLSN=128, PrevOffset=-1, DocLen=22
Heap.Write: Offset=5267, CreateLSN=129, PrevOffset=-1, DocLen=22
Heap.Write: Offset=5318, CreateLSN=130, PrevOffset=-1, DocLen=22
Heap.Write: Offset=5369, CreateLSN=131, PrevOffset=-1, DocLen=22
Heap.Write: Offset=5420, CreateLSN=132, PrevOffset=-1, DocLen=22
Heap.Write: Offset=5471, CreateLSN=133, PrevOffset=-1, DocLen=22
Heap.Write: Offset=5522, CreateLSN=134, PrevOffset=-1, DocLen=22
Heap.Write: Offset=5573, CreateLSN=135, PrevOffset=-1, DocLen=22
Heap.Write: Offset=5624, CreateLSN=136, PrevOffset=-1, DocLen=22
Heap.Write: Offset=5675, CreateLSN=137, PrevOffset=-1, DocLen=22
Heap.Write: Offset=5726, CreateLSN=138, PrevOffset=-1, DocLen=22
Heap.Write: Offset=5777, CreateLSN=139, PrevOffset=-1, DocLen=22
Heap.Write: Offset=5828, CreateLSN=140, PrevOffset=-1, DocLen=22
Heap.Write: Offset=5879, CreateLSN=141, PrevOffset=-1, DocLen=22
Heap.Write: Offset=5930, CreateLSN=142, PrevOffset=-1, DocLen=22
Heap.Write: Offset=5981, CreateLSN=143, PrevOffset=-1, DocLen=22
Heap.Write: Offset=6032, CreateLSN=144, PrevOffset=-1, DocLen=22
Heap.Write: Offset=6083, CreateLSN=145, PrevOffset=-1, DocLen=22
Heap.Write: Offset=6134, CreateLSN=146, PrevOffset=-1, DocLen=22
Heap.Write: Offset=6185, CreateLSN=147, PrevOffset=-1, DocLen=22
Heap.Write: Offset=6236, CreateLSN=148, PrevOffset=-1, DocLen=22
Heap.Write: Offset=6287, CreateLSN=149, PrevOffset=-1, DocLen=22
Heap.Write: Offset=6338, CreateLSN=150, PrevOffset=-1, DocLen=22
Heap.Write: Offset=6389, CreateLSN=151, PrevOffset=-1, DocLen=22
Heap.Write: Offset=6440, CreateLSN=152, PrevOffset=-1, DocLen=22
Heap.Write: Offset=6491, CreateLSN=153, PrevOffset=-1, DocLen=22
Heap.Write: Offset=6542, CreateLSN=154, PrevOffset=-1, DocLen=22
Heap.Write: Offset=6593, CreateLSN=155, PrevOffset=-1, DocLen=22
Heap.Write: Offset=6644, CreateLSN=156, PrevOffset=-1, DocLen=22
Heap.Write: Offset=6695, CreateLSN=157, PrevOffset=-1, DocLen=22
Heap.Write: Offset=6746, CreateLSN=158, PrevOffset=-1, DocLen=22
Heap.Write: Offset=6797, CreateLSN=159, PrevOffset=-1, DocLen=22
Heap.Write: Offset=6848, CreateLSN=160, PrevOffset=-1, DocLen=22
Heap.Write: Offset=6899, CreateLSN=161, PrevOffset=-1, DocLen=22
Heap.Write: Offset=6950, CreateLSN=162, PrevOffset=-1, DocLen=22
Heap.Write: Offset=7001, CreateLSN=163, PrevOffset=-1, DocLen=22
Heap.Write: Offset=7052, CreateLSN=164, PrevOffset=-1, DocLen=22
Heap.Write: Offset=7103, CreateLSN=165, PrevOffset=-1, DocLen=22
Heap.Write: Offset=7154, CreateLSN=166, PrevOffset=-1, DocLen=22
Heap.Write: Offset=7205, CreateLSN=167, PrevOffset=-1, DocLen=22
Heap.Write: Offset=7256, CreateLSN=168, PrevOffset=-1, DocLen=22
Heap.Write: Offset=7307, CreateLSN=169, PrevOffset=-1, DocLen=22
Heap.Write: Offset=7358, CreateLSN=170, PrevOffset=-1, DocLen=22
Heap.Write: Offset=7409, CreateLSN=171, PrevOffset=-1, DocLen=22
Heap.Write: Offset=7460, CreateLSN=172, PrevOffset=-1, DocLen=22
Heap.Write: Offset=7511, CreateLSN=173, PrevOffset=-1, DocLen=22
Heap.Write: Offset=7562, CreateLSN=174, PrevOffset=-1, DocLen=22
Heap.Write: Offset=7613, CreateLSN=175, PrevOffset=-1, DocLen=22
    concurrency_test.go:286: Read/Write mix test completed successfully
--- PASS: TestConcurrency_ReadWriteMix (0.02s)
=== RUN   TestStorageEngine_Durability
Heap.Write: Offset=14, CreateLSN=1, PrevOffset=-1, DocLen=6
Heap.Write: Offset=49, CreateLSN=2, PrevOffset=-1, DocLen=6
Heap.Write: Offset=84, CreateLSN=1, PrevOffset=-1, DocLen=6
Heap.Write: Offset=119, CreateLSN=2, PrevOffset=-1, DocLen=6
Recovered: 2 entries from WAL applied, 0 skipped (already in checkpoint). Current LSN: 2
--- PASS: TestStorageEngine_Durability (0.01s)
=== RUN   TestSerializeDocumentEntry_Protobuf
=== RUN   TestSerializeDocumentEntry_Protobuf/IntKey
=== RUN   TestSerializeDocumentEntry_Protobuf/VarcharKey
=== RUN   TestSerializeDocumentEntry_Protobuf/BoolKey
=== RUN   TestSerializeDocumentEntry_Protobuf/FloatKey
=== RUN   TestSerializeDocumentEntry_Protobuf/DateKey
--- PASS: TestSerializeDocumentEntry_Protobuf (0.00s)
    --- PASS: TestSerializeDocumentEntry_Protobuf/IntKey (0.00s)
    --- PASS: TestSerializeDocumentEntry_Protobuf/VarcharKey (0.00s)
    --- PASS: TestSerializeDocumentEntry_Protobuf/BoolKey (0.00s)
    --- PASS: TestSerializeDocumentEntry_Protobuf/FloatKey (0.00s)
    --- PASS: TestSerializeDocumentEntry_Protobuf/DateKey (0.00s)
=== RUN   TestSerializeDocumentEntry_EdgeCases
=== RUN   TestSerializeDocumentEntry_EdgeCases/EmptyDocument
=== RUN   TestSerializeDocumentEntry_EdgeCases/NilDocument
=== RUN   TestSerializeDocumentEntry_EdgeCases/UnsupportedKeyType
--- PASS: TestSerializeDocumentEntry_EdgeCases (0.00s)
    --- PASS: TestSerializeDocumentEntry_EdgeCases/EmptyDocument (0.00s)
    --- PASS: TestSerializeDocumentEntry_EdgeCases/NilDocument (0.00s)
    --- PASS: TestSerializeDocumentEntry_EdgeCases/UnsupportedKeyType (0.00s)
=== RUN   TestWriteTransaction_Commit
Heap.Write: Offset=14, CreateLSN=5, PrevOffset=-1, DocLen=29
Heap.Write: Offset=72, CreateLSN=6, PrevOffset=-1, DocLen=37
--- PASS: TestWriteTransaction_Commit (0.01s)
=== RUN   TestWriteTransaction_Rollback
--- PASS: TestWriteTransaction_Rollback (0.01s)
=== RUN   TestWriteTransaction_Delete
Heap.Write: Offset=14, CreateLSN=1, PrevOffset=-1, DocLen=13
Heap.Delete: Offset=14, DeleteLSN=5
--- PASS: TestWriteTransaction_Delete (0.01s)
=== RUN   TestWriteTransaction_InvalidKeyType
--- PASS: TestWriteTransaction_InvalidKeyType (0.01s)
=== RUN   TestWriteTransaction_DoubleCommit
Heap.Write: Offset=14, CreateLSN=4, PrevOffset=-1, DocLen=5
--- PASS: TestWriteTransaction_DoubleCommit (0.01s)
=== RUN   TestWriteTransaction_AllKeyTypes
    transaction_write_test.go:218: Int put failed: table "all_types" not found
    transaction_write_test.go:221: Varchar put failed: table "all_types" not found
    transaction_write_test.go:224: Bool put failed: table "all_types" not found
    transaction_write_test.go:227: Float put failed: table "all_types" not found
--- FAIL: TestWriteTransaction_AllKeyTypes (0.01s)
=== RUN   TestCursor_SeekEmpty
--- PASS: TestCursor_SeekEmpty (0.00s)
=== RUN   TestCursor_SeekExactMatch
Heap.Write: Offset=14, CreateLSN=1, PrevOffset=-1, DocLen=7
Heap.Write: Offset=50, CreateLSN=2, PrevOffset=-1, DocLen=7
Heap.Write: Offset=86, CreateLSN=3, PrevOffset=-1, DocLen=7
--- PASS: TestCursor_SeekExactMatch (0.00s)
=== RUN   TestCursor_SeekLowerBound
Heap.Write: Offset=14, CreateLSN=1, PrevOffset=-1, DocLen=7
Heap.Write: Offset=50, CreateLSN=2, PrevOffset=-1, DocLen=7
Heap.Write: Offset=86, CreateLSN=3, PrevOffset=-1, DocLen=7
--- PASS: TestCursor_SeekLowerBound (0.01s)
=== RUN   TestCursor_SeekBeyondEnd
Heap.Write: Offset=14, CreateLSN=1, PrevOffset=-1, DocLen=7
Heap.Write: Offset=50, CreateLSN=2, PrevOffset=-1, DocLen=7
--- PASS: TestCursor_SeekBeyondEnd (0.00s)
=== RUN   TestCursor_NextIteration
Heap.Write: Offset=14, CreateLSN=1, PrevOffset=-1, DocLen=3
Heap.Write: Offset=46, CreateLSN=2, PrevOffset=-1, DocLen=3
Heap.Write: Offset=78, CreateLSN=3, PrevOffset=-1, DocLen=3
Heap.Write: Offset=110, CreateLSN=4, PrevOffset=-1, DocLen=3
Heap.Write: Offset=142, CreateLSN=5, PrevOffset=-1, DocLen=3
--- PASS: TestCursor_NextIteration (0.00s)
=== RUN   TestCursor_NextOnInvalid
--- PASS: TestCursor_NextOnInvalid (0.00s)
=== RUN   TestCursor_NextAcrossLeaves
Heap.Write: Offset=14, CreateLSN=1, PrevOffset=-1, DocLen=3
Heap.Write: Offset=46, CreateLSN=2, PrevOffset=-1, DocLen=3
Heap.Write: Offset=78, CreateLSN=3, PrevOffset=-1, DocLen=3
Heap.Write: Offset=110, CreateLSN=4, PrevOffset=-1, DocLen=3
Heap.Write: Offset=142, CreateLSN=5, PrevOffset=-1, DocLen=3
Heap.Write: Offset=174, CreateLSN=6, PrevOffset=-1, DocLen=3
Heap.Write: Offset=206, CreateLSN=7, PrevOffset=-1, DocLen=3
Heap.Write: Offset=238, CreateLSN=8, PrevOffset=-1, DocLen=3
Heap.Write: Offset=270, CreateLSN=9, PrevOffset=-1, DocLen=3
Heap.Write: Offset=302, CreateLSN=10, PrevOffset=-1, DocLen=3
Heap.Write: Offset=334, CreateLSN=11, PrevOffset=-1, DocLen=3
Heap.Write: Offset=366, CreateLSN=12, PrevOffset=-1, DocLen=3
Heap.Write: Offset=398, CreateLSN=13, PrevOffset=-1, DocLen=3
Heap.Write: Offset=430, CreateLSN=14, PrevOffset=-1, DocLen=3
Heap.Write: Offset=462, CreateLSN=15, PrevOffset=-1, DocLen=3
Heap.Write: Offset=494, CreateLSN=16, PrevOffset=-1, DocLen=3
Heap.Write: Offset=526, CreateLSN=17, PrevOffset=-1, DocLen=3
Heap.Write: Offset=558, CreateLSN=18, PrevOffset=-1, DocLen=3
Heap.Write: Offset=590, CreateLSN=19, PrevOffset=-1, DocLen=3
Heap.Write: Offset=622, CreateLSN=20, PrevOffset=-1, DocLen=3
--- PASS: TestCursor_NextAcrossLeaves (0.01s)
=== RUN   TestCursor_SeekToFirstKey
Heap.Write: Offset=14, CreateLSN=1, PrevOffset=-1, DocLen=7
Heap.Write: Offset=50, CreateLSN=2, PrevOffset=-1, DocLen=7
Heap.Write: Offset=86, CreateLSN=3, PrevOffset=-1, DocLen=7
--- PASS: TestCursor_SeekToFirstKey (0.00s)
=== RUN   TestCursor_ValidAfterExhaustion
Heap.Write: Offset=14, CreateLSN=1, PrevOffset=-1, DocLen=7
--- PASS: TestCursor_ValidAfterExhaustion (0.00s)
=== RUN   TestEngine_PutTableNotFound
--- PASS: TestEngine_PutTableNotFound (0.00s)
=== RUN   TestEngine_PutIndexNotFound
--- PASS: TestEngine_PutIndexNotFound (0.00s)
=== RUN   TestEngine_GetTableNotFound
--- PASS: TestEngine_GetTableNotFound (0.00s)
=== RUN   TestEngine_GetIndexNotFound
--- PASS: TestEngine_GetIndexNotFound (0.00s)
=== RUN   TestEngine_DelTableNotFound
--- PASS: TestEngine_DelTableNotFound (0.01s)
=== RUN   TestEngine_DelIndexNotFound
--- PASS: TestEngine_DelIndexNotFound (0.00s)
=== RUN   TestEngine_ScanTableNotFound
--- PASS: TestEngine_ScanTableNotFound (0.00s)
=== RUN   TestEngine_ScanIndexNotFound
--- PASS: TestEngine_ScanIndexNotFound (0.01s)
=== RUN   TestCursor_SeekNil
Heap.Write: Offset=14, CreateLSN=1, PrevOffset=-1, DocLen=7
Heap.Write: Offset=50, CreateLSN=2, PrevOffset=-1, DocLen=7
--- PASS: TestCursor_SeekNil (0.00s)
=== RUN   TestDurability_WithCheckpoint
Heap.Write: Offset=14, CreateLSN=1, PrevOffset=-1, DocLen=4
Heap.Write: Offset=47, CreateLSN=2, PrevOffset=-1, DocLen=4
Heap.Write: Offset=80, CreateLSN=3, PrevOffset=-1, DocLen=4
Recovered table 'users' index 'id' from Checkpoint (LSN 2)
Heap.Write: Offset=113, CreateLSN=3, PrevOffset=-1, DocLen=4
Recovered: 1 entries from WAL applied, 2 skipped (already in checkpoint). Current LSN: 3
--- PASS: TestDurability_WithCheckpoint (0.01s)
=== RUN   TestEngine_GetAndDel
Heap.Write: Offset=14, CreateLSN=1, PrevOffset=-1, DocLen=29
Heap.Delete: Offset=14, DeleteLSN=2
--- PASS: TestEngine_GetAndDel (0.00s)
=== RUN   TestEngine_RecoverWithCheckpointAndWAL
Heap.Write: Offset=14, CreateLSN=1, PrevOffset=-1, DocLen=6
Heap.Write: Offset=49, CreateLSN=2, PrevOffset=-1, DocLen=6
Heap.Write: Offset=84, CreateLSN=3, PrevOffset=-1, DocLen=6
Heap.Write: Offset=119, CreateLSN=4, PrevOffset=-1, DocLen=6
Heap.Write: Offset=154, CreateLSN=5, PrevOffset=14, DocLen=14
Heap.Delete: Offset=49, DeleteLSN=6
Recovered table 'test' index 'id' from Checkpoint (LSN 2)
Heap.Write: Offset=197, CreateLSN=3, PrevOffset=-1, DocLen=6
Heap.Write: Offset=232, CreateLSN=4, PrevOffset=-1, DocLen=6
Heap.Write: Offset=267, CreateLSN=5, PrevOffset=14, DocLen=14
Heap.Delete: Offset=49, DeleteLSN=6
Recovered: 4 entries from WAL applied, 2 skipped (already in checkpoint). Current LSN: 6
--- PASS: TestEngine_RecoverWithCheckpointAndWAL (0.01s)
=== RUN   TestMVCC_SnapshotRead
Heap.Write: Offset=14, CreateLSN=1, PrevOffset=-1, DocLen=13
Heap.Write: Offset=56, CreateLSN=2, PrevOffset=-1, DocLen=13
--- PASS: TestMVCC_SnapshotRead (0.01s)
=== RUN   TestMVCC_Update_TimeTravel
Heap.Write: Offset=14, CreateLSN=1, PrevOffset=-1, DocLen=25
Heap.Write: Offset=68, CreateLSN=2, PrevOffset=14, DocLen=25
Heap.Write: Offset=122, CreateLSN=3, PrevOffset=68, DocLen=25
--- PASS: TestMVCC_Update_TimeTravel (0.01s)
=== RUN   TestMVCC_Delete_TimeTravel
Heap.Write: Offset=14, CreateLSN=1, PrevOffset=-1, DocLen=28
Heap.Delete: Offset=14, DeleteLSN=2
--- PASS: TestMVCC_Delete_TimeTravel (0.01s)
=== RUN   TestMVCC_IsolationLevels
Heap.Write: Offset=14, CreateLSN=1, PrevOffset=-1, DocLen=30
Heap.Write: Offset=73, CreateLSN=2, PrevOffset=14, DocLen=30
Heap.Write: Offset=132, CreateLSN=3, PrevOffset=73, DocLen=36
--- PASS: TestMVCC_IsolationLevels (0.01s)
=== RUN   TestScan_Equal
Heap.Write: Offset=14, CreateLSN=1, PrevOffset=-1, DocLen=7
Heap.Write: Offset=50, CreateLSN=2, PrevOffset=-1, DocLen=7
Heap.Write: Offset=86, CreateLSN=3, PrevOffset=-1, DocLen=7
--- PASS: TestScan_Equal (0.01s)
=== RUN   TestScan_GreaterThan
Heap.Write: Offset=14, CreateLSN=1, PrevOffset=-1, DocLen=6
Heap.Write: Offset=49, CreateLSN=2, PrevOffset=-1, DocLen=6
Heap.Write: Offset=84, CreateLSN=3, PrevOffset=-1, DocLen=6
Heap.Write: Offset=119, CreateLSN=4, PrevOffset=-1, DocLen=6
--- PASS: TestScan_GreaterThan (0.01s)
=== RUN   TestScan_GreaterOrEqual
Heap.Write: Offset=14, CreateLSN=1, PrevOffset=-1, DocLen=6
Heap.Write: Offset=49, CreateLSN=2, PrevOffset=-1, DocLen=6
Heap.Write: Offset=84, CreateLSN=3, PrevOffset=-1, DocLen=6
--- PASS: TestScan_GreaterOrEqual (0.00s)
=== RUN   TestScan_LessThan
Heap.Write: Offset=14, CreateLSN=1, PrevOffset=-1, DocLen=6
Heap.Write: Offset=49, CreateLSN=2, PrevOffset=-1, DocLen=6
Heap.Write: Offset=84, CreateLSN=3, PrevOffset=-1, DocLen=6
--- PASS: TestScan_LessThan (0.00s)
=== RUN   TestScan_LessOrEqual
Heap.Write: Offset=14, CreateLSN=1, PrevOffset=-1, DocLen=6
Heap.Write: Offset=49, CreateLSN=2, PrevOffset=-1, DocLen=6
Heap.Write: Offset=84, CreateLSN=3, PrevOffset=-1, DocLen=6
--- PASS: TestScan_LessOrEqual (0.00s)
=== RUN   TestScan_Between
Heap.Write: Offset=14, CreateLSN=1, PrevOffset=-1, DocLen=6
Heap.Write: Offset=49, CreateLSN=2, PrevOffset=-1, DocLen=6
Heap.Write: Offset=84, CreateLSN=3, PrevOffset=-1, DocLen=6
Heap.Write: Offset=119, CreateLSN=4, PrevOffset=-1, DocLen=6
--- PASS: TestScan_Between (0.00s)
=== RUN   TestScan_NotEqual
Heap.Write: Offset=14, CreateLSN=1, PrevOffset=-1, DocLen=9
Heap.Write: Offset=52, CreateLSN=2, PrevOffset=-1, DocLen=9
Heap.Write: Offset=90, CreateLSN=3, PrevOffset=-1, DocLen=9
--- PASS: TestScan_NotEqual (0.00s)
=== RUN   TestScan_WithVarchar
Heap.Write: Offset=14, CreateLSN=1, PrevOffset=-1, DocLen=4
Heap.Write: Offset=47, CreateLSN=2, PrevOffset=-1, DocLen=4
Heap.Write: Offset=80, CreateLSN=3, PrevOffset=-1, DocLen=4
Heap.Write: Offset=113, CreateLSN=4, PrevOffset=-1, DocLen=4
--- PASS: TestScan_WithVarchar (0.00s)
=== RUN   TestScan_WithDate
Heap.Write: Offset=14, CreateLSN=1, PrevOffset=-1, DocLen=7
Heap.Write: Offset=50, CreateLSN=2, PrevOffset=-1, DocLen=7
Heap.Write: Offset=86, CreateLSN=3, PrevOffset=-1, DocLen=7
Heap.Write: Offset=122, CreateLSN=4, PrevOffset=-1, DocLen=7
--- PASS: TestScan_WithDate (0.00s)
=== RUN   TestRangeScan_BackwardCompatibility
Heap.Write: Offset=14, CreateLSN=1, PrevOffset=-1, DocLen=8
Heap.Write: Offset=51, CreateLSN=2, PrevOffset=-1, DocLen=8
Heap.Write: Offset=88, CreateLSN=3, PrevOffset=-1, DocLen=8
--- PASS: TestRangeScan_BackwardCompatibility (0.00s)
=== RUN   TestNewTableMenager_Creation
--- PASS: TestNewTableMenager_Creation (0.00s)
=== RUN   TestNewTable_Success_SinglePrimaryKey
--- PASS: TestNewTable_Success_SinglePrimaryKey (0.00s)
=== RUN   TestNewTable_Success_MultipleIndices
--- PASS: TestNewTable_Success_MultipleIndices (0.00s)
=== RUN   TestNewTable_Error_NoPrimaryKey
--- PASS: TestNewTable_Error_NoPrimaryKey (0.00s)
=== RUN   TestNewTable_Error_MultiplePrimaryKeys
--- PASS: TestNewTable_Error_MultiplePrimaryKeys (0.00s)
=== RUN   TestNewTable_Error_DuplicateTableName
--- PASS: TestNewTable_Error_DuplicateTableName (0.00s)
=== RUN   TestGetTableByName_Error_NotFound
--- PASS: TestGetTableByName_Error_NotFound (0.00s)
=== RUN   TestGetIndexByName_Error_IndexNotFound
--- PASS: TestGetIndexByName_Error_IndexNotFound (0.00s)
=== RUN   TestTableManager_Integration
Heap.Write: Offset=14, CreateLSN=1, PrevOffset=-1, DocLen=6
Heap.Write: Offset=49, CreateLSN=2, PrevOffset=-1, DocLen=6
Heap.Write: Offset=84, CreateLSN=3, PrevOffset=14, DocLen=16
Heap.Write: Offset=129, CreateLSN=4, PrevOffset=-1, DocLen=6
Heap.Write: Offset=164, CreateLSN=5, PrevOffset=129, DocLen=8
--- PASS: TestTableManager_Integration (0.01s)
=== RUN   TestDataTypeString
--- PASS: TestDataTypeString (0.00s)
=== RUN   TestGetIndexByName_Error_TableNotFound
--- PASS: TestGetIndexByName_Error_TableNotFound (0.00s)
FAIL
FAIL	github.com/bobboyms/storage-engine/pkg/storage	0.731s
FAIL
